

================================================================
== Vitis HLS Report for 'sha256_final'
================================================================
* Date:           Wed Aug  2 01:54:45 2023

* Version:        2022.1 (Build 3526262 on Mon Apr 18 15:47:01 MDT 2022)
* Project:        shav-rsa
* Solution:       solution1 (Vivado IP Flow Target)
* Product family: virtexuplus
* Target device:  xcu280-fsvh2892-2L-e


================================================================
== Performance Estimates
================================================================
+ Timing: 
    * Summary: 
    +--------+----------+----------+------------+
    |  Clock |  Target  | Estimated| Uncertainty|
    +--------+----------+----------+------------+
    |ap_clk  |  10.00 ns|  7.175 ns|     2.70 ns|
    +--------+----------+----------+------------+

+ Latency: 
    * Summary: 
    +---------+---------+----------+----------+-----+-----+---------+
    |  Latency (cycles) |  Latency (absolute) |  Interval | Pipeline|
    |   min   |   max   |    min   |    max   | min | max |   Type  |
    +---------+---------+----------+----------+-----+-----+---------+
    |        ?|        ?|         ?|         ?|    ?|    ?|       no|
    +---------+---------+----------+----------+-----+-----+---------+

    + Detail: 
        * Instance: 
        +-----------------------------------------------------+----------------------------------------+---------+---------+-----------+-----------+-----+-----+---------+
        |                                                     |                                        |  Latency (cycles) |   Latency (absolute)  |  Interval | Pipeline|
        |                       Instance                      |                 Module                 |   min   |   max   |    min    |    max    | min | max |   Type  |
        +-----------------------------------------------------+----------------------------------------+---------+---------+-----------+-----------+-----+-----+---------+
        |grp_sha256_final_Pipeline_VITIS_LOOP_115_2_fu_15308  |sha256_final_Pipeline_VITIS_LOOP_115_2  |        ?|        ?|          ?|          ?|    ?|    ?|       no|
        |grp_sha256_final_Pipeline_VITIS_LOOP_110_1_fu_15506  |sha256_final_Pipeline_VITIS_LOOP_110_1  |        ?|        ?|          ?|          ?|    ?|    ?|       no|
        |grp_sha256_transform_fu_15679                        |sha256_transform                        |       24|       24|   0.240 us|   0.240 us|    1|    1|      yes|
        |grp_sha256_final_Pipeline_VITIS_LOOP_118_3_fu_15819  |sha256_final_Pipeline_VITIS_LOOP_118_3  |       58|       58|   0.580 us|   0.580 us|   58|   58|       no|
        |grp_sha256_final_Pipeline_VITIS_LOOP_138_4_fu_15935  |sha256_final_Pipeline_VITIS_LOOP_138_4  |        6|        6|  60.000 ns|  60.000 ns|    6|    6|       no|
        +-----------------------------------------------------+----------------------------------------+---------+---------+-----------+-----------+-----+-----+---------+

        * Loop: 
        N/A



================================================================
== Utilization Estimates
================================================================
* Summary: 
+---------------------+---------+------+---------+---------+-----+
|         Name        | BRAM_18K|  DSP |    FF   |   LUT   | URAM|
+---------------------+---------+------+---------+---------+-----+
|DSP                  |        -|     -|        -|        -|    -|
|Expression           |        -|     -|        0|      546|    -|
|FIFO                 |        -|     -|        -|        -|    -|
|Instance             |        -|     -|     1875|     2955|    -|
|Memory               |        -|     -|        -|        -|    -|
|Multiplexer          |        -|     -|        -|     2556|    -|
|Register             |        -|     -|     1661|        -|    -|
+---------------------+---------+------+---------+---------+-----+
|Total                |        0|     0|     3536|     6057|    0|
+---------------------+---------+------+---------+---------+-----+
|Available SLR        |     1344|  3008|   869120|   434560|  320|
+---------------------+---------+------+---------+---------+-----+
|Utilization SLR (%)  |        0|     0|       ~0|        1|    0|
+---------------------+---------+------+---------+---------+-----+
|Available            |     4032|  9024|  2607360|  1303680|  960|
+---------------------+---------+------+---------+---------+-----+
|Utilization (%)      |        0|     0|       ~0|       ~0|    0|
+---------------------+---------+------+---------+---------+-----+

+ Detail: 
    * Instance: 
    +-----------------------------------------------------+----------------------------------------+---------+----+-----+-----+-----+
    |                       Instance                      |                 Module                 | BRAM_18K| DSP|  FF | LUT | URAM|
    +-----------------------------------------------------+----------------------------------------+---------+----+-----+-----+-----+
    |grp_sha256_final_Pipeline_VITIS_LOOP_110_1_fu_15506  |sha256_final_Pipeline_VITIS_LOOP_110_1  |        0|   0|  515|  736|    0|
    |grp_sha256_final_Pipeline_VITIS_LOOP_115_2_fu_15308  |sha256_final_Pipeline_VITIS_LOOP_115_2  |        0|   0|  611|  869|    0|
    |grp_sha256_final_Pipeline_VITIS_LOOP_118_3_fu_15819  |sha256_final_Pipeline_VITIS_LOOP_118_3  |        0|   0|  456|  556|    0|
    |grp_sha256_final_Pipeline_VITIS_LOOP_138_4_fu_15935  |sha256_final_Pipeline_VITIS_LOOP_138_4  |        0|   0|  293|  794|    0|
    +-----------------------------------------------------+----------------------------------------+---------+----+-----+-----+-----+
    |Total                                                |                                        |        0|   0| 1875| 2955|    0|
    +-----------------------------------------------------+----------------------------------------+---------+----+-----+-----+-----+

    * DSP: 
    N/A

    * Memory: 
    N/A

    * FIFO: 
    N/A

    * Expression: 
    +-----------------------------+----------+----+---+----+------------+------------+
    |        Variable Name        | Operation| DSP| FF| LUT| Bitwidth P0| Bitwidth P1|
    +-----------------------------+----------+----+---+----+------------+------------+
    |add_ln125_1_fu_16836_p2      |         +|   0|  0|  39|          32|          32|
    |add_ln125_fu_16782_p2        |         +|   0|  0|  39|          32|           1|
    |add_ln126_1_fu_16841_p2      |         +|   0|  0|  31|          24|          24|
    |add_ln126_2_fu_16847_p2      |         +|   0|  0|  23|          16|          16|
    |add_ln126_fu_16853_p2        |         +|   0|  0|  15|           8|           8|
    |i_fu_16105_p2                |         +|   0|  0|  39|          32|           1|
    |icmp_ln108_fu_16099_p2       |      icmp|   0|  0|  20|          32|           6|
    |icmp_ln125_fu_16777_p2       |      icmp|   0|  0|  20|          32|          32|
    |select_ln125_fu_16787_p3     |    select|   0|  0|  32|           1|          32|
    |select_ln148_10_fu_17185_p3  |    select|   0|  0|   8|           1|           8|
    |select_ln148_11_fu_17192_p3  |    select|   0|  0|   8|           1|           8|
    |select_ln148_12_fu_17199_p3  |    select|   0|  0|   8|           1|           8|
    |select_ln148_13_fu_17206_p3  |    select|   0|  0|   8|           1|           8|
    |select_ln148_14_fu_17213_p3  |    select|   0|  0|   8|           1|           8|
    |select_ln148_15_fu_17220_p3  |    select|   0|  0|   8|           1|           8|
    |select_ln148_16_fu_17227_p3  |    select|   0|  0|   8|           1|           8|
    |select_ln148_17_fu_17234_p3  |    select|   0|  0|   8|           1|           8|
    |select_ln148_18_fu_17241_p3  |    select|   0|  0|   8|           1|           8|
    |select_ln148_19_fu_17248_p3  |    select|   0|  0|   8|           1|           8|
    |select_ln148_1_fu_17122_p3   |    select|   0|  0|   8|           1|           8|
    |select_ln148_20_fu_17255_p3  |    select|   0|  0|   8|           1|           8|
    |select_ln148_21_fu_17262_p3  |    select|   0|  0|   8|           1|           8|
    |select_ln148_22_fu_17269_p3  |    select|   0|  0|   8|           1|           8|
    |select_ln148_23_fu_17276_p3  |    select|   0|  0|   8|           1|           8|
    |select_ln148_24_fu_17283_p3  |    select|   0|  0|   8|           1|           8|
    |select_ln148_25_fu_17290_p3  |    select|   0|  0|   8|           1|           8|
    |select_ln148_26_fu_17297_p3  |    select|   0|  0|   8|           1|           8|
    |select_ln148_27_fu_17304_p3  |    select|   0|  0|   8|           1|           8|
    |select_ln148_28_fu_17311_p3  |    select|   0|  0|   8|           1|           8|
    |select_ln148_29_fu_17318_p3  |    select|   0|  0|   8|           1|           8|
    |select_ln148_2_fu_17129_p3   |    select|   0|  0|   8|           1|           8|
    |select_ln148_30_fu_17325_p3  |    select|   0|  0|   8|           1|           8|
    |select_ln148_31_fu_17332_p3  |    select|   0|  0|   8|           1|           8|
    |select_ln148_3_fu_17136_p3   |    select|   0|  0|   8|           1|           8|
    |select_ln148_4_fu_17143_p3   |    select|   0|  0|   8|           1|           8|
    |select_ln148_5_fu_17150_p3   |    select|   0|  0|   8|           1|           8|
    |select_ln148_6_fu_17157_p3   |    select|   0|  0|   8|           1|           8|
    |select_ln148_7_fu_17164_p3   |    select|   0|  0|   8|           1|           8|
    |select_ln148_8_fu_17171_p3   |    select|   0|  0|   8|           1|           8|
    |select_ln148_9_fu_17178_p3   |    select|   0|  0|   8|           1|           8|
    |select_ln148_fu_17115_p3     |    select|   0|  0|   8|           1|           8|
    |xor_ln125_fu_16771_p2        |       xor|   0|  0|  32|          32|           2|
    +-----------------------------+----------+----+---+----+------------+------------+
    |Total                        |          |   0|  0| 546|         273|         410|
    +-----------------------------+----------+----+---+----+------------+------------+

    * Multiplexer: 
    +------------------------------------------------+-----+-----------+-----+-----------+
    |                      Name                      | LUT | Input Size| Bits| Total Bits|
    +------------------------------------------------+-----+-----------+-----+-----------+
    |ap_NS_fsm                                       |  396|         83|    1|         83|
    |ctx_data_0_0_reg_1996                           |    9|          2|    8|         16|
    |ctx_data_0_7_reg_14748                          |    9|          2|    8|         16|
    |ctx_data_10_0_reg_3976                          |    9|          2|    8|         16|
    |ctx_data_10_7_reg_14848                         |    9|          2|    8|         16|
    |ctx_data_11_0_reg_4174                          |    9|          2|    8|         16|
    |ctx_data_11_7_reg_14858                         |    9|          2|    8|         16|
    |ctx_data_12_0_reg_4372                          |    9|          2|    8|         16|
    |ctx_data_12_7_reg_14868                         |    9|          2|    8|         16|
    |ctx_data_1315_0_reg_4570                        |    9|          2|    8|         16|
    |ctx_data_1315_7_reg_14878                       |    9|          2|    8|         16|
    |ctx_data_14_0_reg_4768                          |    9|          2|    8|         16|
    |ctx_data_14_7_reg_14888                         |    9|          2|    8|         16|
    |ctx_data_15_0_reg_4966                          |    9|          2|    8|         16|
    |ctx_data_15_7_reg_14898                         |    9|          2|    8|         16|
    |ctx_data_16_0_reg_5164                          |    9|          2|    8|         16|
    |ctx_data_16_7_reg_14908                         |    9|          2|    8|         16|
    |ctx_data_17_0_reg_5362                          |    9|          2|    8|         16|
    |ctx_data_17_7_reg_14918                         |    9|          2|    8|         16|
    |ctx_data_18_0_reg_5560                          |    9|          2|    8|         16|
    |ctx_data_18_7_reg_14928                         |    9|          2|    8|         16|
    |ctx_data_19_0_reg_5758                          |    9|          2|    8|         16|
    |ctx_data_19_7_reg_14938                         |    9|          2|    8|         16|
    |ctx_data_1_0_reg_2194                           |    9|          2|    8|         16|
    |ctx_data_1_7_reg_14758                          |    9|          2|    8|         16|
    |ctx_data_20_0_reg_5956                          |    9|          2|    8|         16|
    |ctx_data_20_7_reg_14948                         |    9|          2|    8|         16|
    |ctx_data_21_0_reg_6154                          |    9|          2|    8|         16|
    |ctx_data_21_7_reg_14958                         |    9|          2|    8|         16|
    |ctx_data_22_0_reg_6352                          |    9|          2|    8|         16|
    |ctx_data_22_7_reg_14968                         |    9|          2|    8|         16|
    |ctx_data_23_0_reg_6550                          |    9|          2|    8|         16|
    |ctx_data_23_7_reg_14978                         |    9|          2|    8|         16|
    |ctx_data_2427_0_reg_6748                        |    9|          2|    8|         16|
    |ctx_data_2427_7_reg_14988                       |    9|          2|    8|         16|
    |ctx_data_25_0_reg_6946                          |    9|          2|    8|         16|
    |ctx_data_25_7_reg_14998                         |    9|          2|    8|         16|
    |ctx_data_26_0_reg_7144                          |    9|          2|    8|         16|
    |ctx_data_26_7_reg_15008                         |    9|          2|    8|         16|
    |ctx_data_27_0_reg_7342                          |    9|          2|    8|         16|
    |ctx_data_27_7_reg_15018                         |    9|          2|    8|         16|
    |ctx_data_28_0_reg_7540                          |    9|          2|    8|         16|
    |ctx_data_28_7_reg_15028                         |    9|          2|    8|         16|
    |ctx_data_29_0_reg_7738                          |    9|          2|    8|         16|
    |ctx_data_29_7_reg_15038                         |    9|          2|    8|         16|
    |ctx_data_2_0_reg_2392                           |    9|          2|    8|         16|
    |ctx_data_2_7_reg_14768                          |    9|          2|    8|         16|
    |ctx_data_30_0_reg_7936                          |    9|          2|    8|         16|
    |ctx_data_30_7_reg_15048                         |    9|          2|    8|         16|
    |ctx_data_31_0_reg_8134                          |    9|          2|    8|         16|
    |ctx_data_31_7_reg_15058                         |    9|          2|    8|         16|
    |ctx_data_32_0_reg_8332                          |    9|          2|    8|         16|
    |ctx_data_32_7_reg_15068                         |    9|          2|    8|         16|
    |ctx_data_33_0_reg_8530                          |    9|          2|    8|         16|
    |ctx_data_33_7_reg_15078                         |    9|          2|    8|         16|
    |ctx_data_34_0_reg_8728                          |    9|          2|    8|         16|
    |ctx_data_34_7_reg_15088                         |    9|          2|    8|         16|
    |ctx_data_3539_0_reg_8926                        |    9|          2|    8|         16|
    |ctx_data_3539_7_reg_15098                       |    9|          2|    8|         16|
    |ctx_data_36_0_reg_9124                          |    9|          2|    8|         16|
    |ctx_data_36_7_reg_15108                         |    9|          2|    8|         16|
    |ctx_data_37_0_reg_9322                          |    9|          2|    8|         16|
    |ctx_data_37_7_reg_15118                         |    9|          2|    8|         16|
    |ctx_data_38_0_reg_9520                          |    9|          2|    8|         16|
    |ctx_data_38_7_reg_15128                         |    9|          2|    8|         16|
    |ctx_data_39_0_reg_9718                          |    9|          2|    8|         16|
    |ctx_data_39_7_reg_15138                         |    9|          2|    8|         16|
    |ctx_data_3_0_reg_2590                           |    9|          2|    8|         16|
    |ctx_data_3_7_reg_14778                          |    9|          2|    8|         16|
    |ctx_data_40_0_reg_9916                          |    9|          2|    8|         16|
    |ctx_data_40_7_reg_15148                         |    9|          2|    8|         16|
    |ctx_data_41_0_reg_10114                         |    9|          2|    8|         16|
    |ctx_data_41_7_reg_15158                         |    9|          2|    8|         16|
    |ctx_data_42_0_reg_10312                         |    9|          2|    8|         16|
    |ctx_data_42_7_reg_15168                         |    9|          2|    8|         16|
    |ctx_data_43_0_reg_10510                         |    9|          2|    8|         16|
    |ctx_data_43_7_reg_15178                         |    9|          2|    8|         16|
    |ctx_data_44_0_reg_10708                         |    9|          2|    8|         16|
    |ctx_data_44_7_reg_15188                         |    9|          2|    8|         16|
    |ctx_data_45_0_reg_10906                         |    9|          2|    8|         16|
    |ctx_data_45_7_reg_15198                         |    9|          2|    8|         16|
    |ctx_data_4651_0_reg_11104                       |    9|          2|    8|         16|
    |ctx_data_4651_7_reg_15208                       |    9|          2|    8|         16|
    |ctx_data_47_0_reg_11302                         |    9|          2|    8|         16|
    |ctx_data_47_7_reg_15218                         |    9|          2|    8|         16|
    |ctx_data_48_0_reg_11500                         |    9|          2|    8|         16|
    |ctx_data_48_7_reg_15228                         |    9|          2|    8|         16|
    |ctx_data_49_0_reg_11698                         |    9|          2|    8|         16|
    |ctx_data_49_7_reg_15238                         |    9|          2|    8|         16|
    |ctx_data_4_0_reg_2788                           |    9|          2|    8|         16|
    |ctx_data_4_7_reg_14788                          |    9|          2|    8|         16|
    |ctx_data_50_0_reg_11896                         |    9|          2|    8|         16|
    |ctx_data_50_7_reg_15248                         |    9|          2|    8|         16|
    |ctx_data_51_0_reg_12094                         |    9|          2|    8|         16|
    |ctx_data_51_7_reg_15258                         |    9|          2|    8|         16|
    |ctx_data_52_0_reg_12292                         |    9|          2|    8|         16|
    |ctx_data_52_7_reg_15268                         |    9|          2|    8|         16|
    |ctx_data_53_0_reg_12490                         |    9|          2|    8|         16|
    |ctx_data_53_7_reg_15278                         |    9|          2|    8|         16|
    |ctx_data_54_0_reg_12688                         |    9|          2|    8|         16|
    |ctx_data_54_7_reg_15288                         |    9|          2|    8|         16|
    |ctx_data_55_0_reg_12886                         |    9|          2|    8|         16|
    |ctx_data_55_7_reg_15298                         |    9|          2|    8|         16|
    |ctx_data_56_0_reg_13084                         |    9|          2|    8|         16|
    |ctx_data_5763_0_reg_13282                       |    9|          2|    8|         16|
    |ctx_data_58_0_reg_13480                         |    9|          2|    8|         16|
    |ctx_data_59_0_reg_14470                         |    9|          2|    8|         16|
    |ctx_data_5_0_reg_2986                           |    9|          2|    8|         16|
    |ctx_data_5_7_reg_14798                          |    9|          2|    8|         16|
    |ctx_data_60_0_reg_14272                         |    9|          2|    8|         16|
    |ctx_data_61_0_reg_14074                         |    9|          2|    8|         16|
    |ctx_data_62_0_reg_13876                         |    9|          2|    8|         16|
    |ctx_data_63_0_reg_13678                         |    9|          2|    8|         16|
    |ctx_data_6_0_reg_3184                           |    9|          2|    8|         16|
    |ctx_data_6_7_reg_14808                          |    9|          2|    8|         16|
    |ctx_data_7_0_reg_3382                           |    9|          2|    8|         16|
    |ctx_data_7_7_reg_14818                          |    9|          2|    8|         16|
    |ctx_data_8_0_reg_3580                           |    9|          2|    8|         16|
    |ctx_data_8_7_reg_14828                          |    9|          2|    8|         16|
    |ctx_data_9_0_reg_3778                           |    9|          2|    8|         16|
    |ctx_data_9_7_reg_14838                          |    9|          2|    8|         16|
    |ctx_state_0_0_reg_14668                         |    9|          2|   32|         64|
    |ctx_state_1_0_reg_14678                         |    9|          2|   32|         64|
    |ctx_state_2_0_reg_14688                         |    9|          2|   32|         64|
    |ctx_state_3_0_reg_14698                         |    9|          2|   32|         64|
    |ctx_state_4_0_reg_14708                         |    9|          2|   32|         64|
    |ctx_state_5_0_reg_14718                         |    9|          2|   32|         64|
    |ctx_state_6_0_reg_14728                         |    9|          2|   32|         64|
    |ctx_state_7_0_reg_14738                         |    9|          2|   32|         64|
    |grp_sha256_transform_fu_15679_ctx_state_0_read  |   14|          3|   32|         96|
    |grp_sha256_transform_fu_15679_ctx_state_1_read  |   14|          3|   32|         96|
    |grp_sha256_transform_fu_15679_ctx_state_2_read  |   14|          3|   32|         96|
    |grp_sha256_transform_fu_15679_ctx_state_3_read  |   14|          3|   32|         96|
    |grp_sha256_transform_fu_15679_ctx_state_4_read  |   14|          3|   32|         96|
    |grp_sha256_transform_fu_15679_ctx_state_5_read  |   14|          3|   32|         96|
    |grp_sha256_transform_fu_15679_ctx_state_6_read  |   14|          3|   32|         96|
    |grp_sha256_transform_fu_15679_ctx_state_7_read  |   14|          3|   32|         96|
    |grp_sha256_transform_fu_15679_p_read10          |   14|          3|    8|         24|
    |grp_sha256_transform_fu_15679_p_read11          |   14|          3|    8|         24|
    |grp_sha256_transform_fu_15679_p_read12          |   14|          3|    8|         24|
    |grp_sha256_transform_fu_15679_p_read13          |   14|          3|    8|         24|
    |grp_sha256_transform_fu_15679_p_read14          |   14|          3|    8|         24|
    |grp_sha256_transform_fu_15679_p_read15          |   14|          3|    8|         24|
    |grp_sha256_transform_fu_15679_p_read16          |   14|          3|    8|         24|
    |grp_sha256_transform_fu_15679_p_read17          |   14|          3|    8|         24|
    |grp_sha256_transform_fu_15679_p_read18          |   14|          3|    8|         24|
    |grp_sha256_transform_fu_15679_p_read19          |   14|          3|    8|         24|
    |grp_sha256_transform_fu_15679_p_read1917        |   14|          3|    8|         24|
    |grp_sha256_transform_fu_15679_p_read20          |   14|          3|    8|         24|
    |grp_sha256_transform_fu_15679_p_read21          |   14|          3|    8|         24|
    |grp_sha256_transform_fu_15679_p_read210         |   14|          3|    8|         24|
    |grp_sha256_transform_fu_15679_p_read22          |   14|          3|    8|         24|
    |grp_sha256_transform_fu_15679_p_read23          |   14|          3|    8|         24|
    |grp_sha256_transform_fu_15679_p_read24          |   14|          3|    8|         24|
    |grp_sha256_transform_fu_15679_p_read25          |   14|          3|    8|         24|
    |grp_sha256_transform_fu_15679_p_read26          |   14|          3|    8|         24|
    |grp_sha256_transform_fu_15679_p_read27          |   14|          3|    8|         24|
    |grp_sha256_transform_fu_15679_p_read28          |   14|          3|    8|         24|
    |grp_sha256_transform_fu_15679_p_read29          |   14|          3|    8|         24|
    |grp_sha256_transform_fu_15679_p_read30          |   14|          3|    8|         24|
    |grp_sha256_transform_fu_15679_p_read31          |   14|          3|    8|         24|
    |grp_sha256_transform_fu_15679_p_read311         |   14|          3|    8|         24|
    |grp_sha256_transform_fu_15679_p_read32          |   14|          3|    8|         24|
    |grp_sha256_transform_fu_15679_p_read33          |   14|          3|    8|         24|
    |grp_sha256_transform_fu_15679_p_read34          |   14|          3|    8|         24|
    |grp_sha256_transform_fu_15679_p_read35          |   14|          3|    8|         24|
    |grp_sha256_transform_fu_15679_p_read36          |   14|          3|    8|         24|
    |grp_sha256_transform_fu_15679_p_read37          |   14|          3|    8|         24|
    |grp_sha256_transform_fu_15679_p_read38          |   14|          3|    8|         24|
    |grp_sha256_transform_fu_15679_p_read39          |   14|          3|    8|         24|
    |grp_sha256_transform_fu_15679_p_read40          |   14|          3|    8|         24|
    |grp_sha256_transform_fu_15679_p_read41          |   14|          3|    8|         24|
    |grp_sha256_transform_fu_15679_p_read412         |   14|          3|    8|         24|
    |grp_sha256_transform_fu_15679_p_read42          |   14|          3|    8|         24|
    |grp_sha256_transform_fu_15679_p_read43          |   14|          3|    8|         24|
    |grp_sha256_transform_fu_15679_p_read44          |   14|          3|    8|         24|
    |grp_sha256_transform_fu_15679_p_read45          |   14|          3|    8|         24|
    |grp_sha256_transform_fu_15679_p_read46          |   14|          3|    8|         24|
    |grp_sha256_transform_fu_15679_p_read47          |   14|          3|    8|         24|
    |grp_sha256_transform_fu_15679_p_read48          |   14|          3|    8|         24|
    |grp_sha256_transform_fu_15679_p_read49          |   14|          3|    8|         24|
    |grp_sha256_transform_fu_15679_p_read50          |   14|          3|    8|         24|
    |grp_sha256_transform_fu_15679_p_read51          |   14|          3|    8|         24|
    |grp_sha256_transform_fu_15679_p_read513         |   14|          3|    8|         24|
    |grp_sha256_transform_fu_15679_p_read52          |   14|          3|    8|         24|
    |grp_sha256_transform_fu_15679_p_read53          |   14|          3|    8|         24|
    |grp_sha256_transform_fu_15679_p_read54          |   14|          3|    8|         24|
    |grp_sha256_transform_fu_15679_p_read55          |   14|          3|    8|         24|
    |grp_sha256_transform_fu_15679_p_read56          |   14|          3|    8|         24|
    |grp_sha256_transform_fu_15679_p_read57          |   14|          3|    8|         24|
    |grp_sha256_transform_fu_15679_p_read58          |   14|          3|    8|         24|
    |grp_sha256_transform_fu_15679_p_read59          |   14|          3|    8|         24|
    |grp_sha256_transform_fu_15679_p_read60          |   14|          3|    8|         24|
    |grp_sha256_transform_fu_15679_p_read61          |   14|          3|    8|         24|
    |grp_sha256_transform_fu_15679_p_read614         |   14|          3|    8|         24|
    |grp_sha256_transform_fu_15679_p_read62          |   14|          3|    8|         24|
    |grp_sha256_transform_fu_15679_p_read63          |   14|          3|    8|         24|
    |grp_sha256_transform_fu_15679_p_read715         |   14|          3|    8|         24|
    |grp_sha256_transform_fu_15679_p_read8           |   14|          3|    8|         24|
    |grp_sha256_transform_fu_15679_p_read816         |   14|          3|    8|         24|
    |grp_sha256_transform_fu_15679_p_read9           |   14|          3|    8|         24|
    +------------------------------------------------+-----+-----------+-----+-----------+
    |Total                                           | 2556|        555| 1985|       4819|
    +------------------------------------------------+-----+-----------+-----+-----------+

    * Register: 
    +------------------------------------------------------------------+----+----+-----+-----------+
    |                               Name                               | FF | LUT| Bits| Const Bits|
    +------------------------------------------------------------------+----+----+-----+-----------+
    |add_ln126_reg_19745                                               |   8|   0|    8|          0|
    |ap_CS_fsm                                                         |  82|   0|   82|          0|
    |ctx_data_0_0_reg_1996                                             |   8|   0|    8|          0|
    |ctx_data_0_7_reg_14748                                            |   8|   0|    8|          0|
    |ctx_data_10_0_reg_3976                                            |   8|   0|    8|          0|
    |ctx_data_10_7_reg_14848                                           |   8|   0|    8|          0|
    |ctx_data_11_0_reg_4174                                            |   8|   0|    8|          0|
    |ctx_data_11_7_reg_14858                                           |   8|   0|    8|          0|
    |ctx_data_12_0_reg_4372                                            |   8|   0|    8|          0|
    |ctx_data_12_7_reg_14868                                           |   8|   0|    8|          0|
    |ctx_data_1315_0_reg_4570                                          |   8|   0|    8|          0|
    |ctx_data_1315_7_reg_14878                                         |   8|   0|    8|          0|
    |ctx_data_14_0_reg_4768                                            |   8|   0|    8|          0|
    |ctx_data_14_7_reg_14888                                           |   8|   0|    8|          0|
    |ctx_data_15_0_reg_4966                                            |   8|   0|    8|          0|
    |ctx_data_15_7_reg_14898                                           |   8|   0|    8|          0|
    |ctx_data_16_0_reg_5164                                            |   8|   0|    8|          0|
    |ctx_data_16_7_reg_14908                                           |   8|   0|    8|          0|
    |ctx_data_17_0_reg_5362                                            |   8|   0|    8|          0|
    |ctx_data_17_7_reg_14918                                           |   8|   0|    8|          0|
    |ctx_data_18_0_reg_5560                                            |   8|   0|    8|          0|
    |ctx_data_18_7_reg_14928                                           |   8|   0|    8|          0|
    |ctx_data_19_0_reg_5758                                            |   8|   0|    8|          0|
    |ctx_data_19_7_reg_14938                                           |   8|   0|    8|          0|
    |ctx_data_1_0_reg_2194                                             |   8|   0|    8|          0|
    |ctx_data_1_7_reg_14758                                            |   8|   0|    8|          0|
    |ctx_data_20_0_reg_5956                                            |   8|   0|    8|          0|
    |ctx_data_20_7_reg_14948                                           |   8|   0|    8|          0|
    |ctx_data_21_0_reg_6154                                            |   8|   0|    8|          0|
    |ctx_data_21_7_reg_14958                                           |   8|   0|    8|          0|
    |ctx_data_22_0_reg_6352                                            |   8|   0|    8|          0|
    |ctx_data_22_7_reg_14968                                           |   8|   0|    8|          0|
    |ctx_data_23_0_reg_6550                                            |   8|   0|    8|          0|
    |ctx_data_23_7_reg_14978                                           |   8|   0|    8|          0|
    |ctx_data_2427_0_reg_6748                                          |   8|   0|    8|          0|
    |ctx_data_2427_7_reg_14988                                         |   8|   0|    8|          0|
    |ctx_data_25_0_reg_6946                                            |   8|   0|    8|          0|
    |ctx_data_25_7_reg_14998                                           |   8|   0|    8|          0|
    |ctx_data_26_0_reg_7144                                            |   8|   0|    8|          0|
    |ctx_data_26_7_reg_15008                                           |   8|   0|    8|          0|
    |ctx_data_27_0_reg_7342                                            |   8|   0|    8|          0|
    |ctx_data_27_7_reg_15018                                           |   8|   0|    8|          0|
    |ctx_data_28_0_reg_7540                                            |   8|   0|    8|          0|
    |ctx_data_28_7_reg_15028                                           |   8|   0|    8|          0|
    |ctx_data_29_0_reg_7738                                            |   8|   0|    8|          0|
    |ctx_data_29_7_reg_15038                                           |   8|   0|    8|          0|
    |ctx_data_2_0_reg_2392                                             |   8|   0|    8|          0|
    |ctx_data_2_7_reg_14768                                            |   8|   0|    8|          0|
    |ctx_data_30_0_reg_7936                                            |   8|   0|    8|          0|
    |ctx_data_30_7_reg_15048                                           |   8|   0|    8|          0|
    |ctx_data_31_0_reg_8134                                            |   8|   0|    8|          0|
    |ctx_data_31_7_reg_15058                                           |   8|   0|    8|          0|
    |ctx_data_32_0_reg_8332                                            |   8|   0|    8|          0|
    |ctx_data_32_7_reg_15068                                           |   8|   0|    8|          0|
    |ctx_data_33_0_reg_8530                                            |   8|   0|    8|          0|
    |ctx_data_33_7_reg_15078                                           |   8|   0|    8|          0|
    |ctx_data_34_0_reg_8728                                            |   8|   0|    8|          0|
    |ctx_data_34_7_reg_15088                                           |   8|   0|    8|          0|
    |ctx_data_3539_0_reg_8926                                          |   8|   0|    8|          0|
    |ctx_data_3539_7_reg_15098                                         |   8|   0|    8|          0|
    |ctx_data_36_0_reg_9124                                            |   8|   0|    8|          0|
    |ctx_data_36_7_reg_15108                                           |   8|   0|    8|          0|
    |ctx_data_37_0_reg_9322                                            |   8|   0|    8|          0|
    |ctx_data_37_7_reg_15118                                           |   8|   0|    8|          0|
    |ctx_data_38_0_reg_9520                                            |   8|   0|    8|          0|
    |ctx_data_38_7_reg_15128                                           |   8|   0|    8|          0|
    |ctx_data_39_0_reg_9718                                            |   8|   0|    8|          0|
    |ctx_data_39_7_reg_15138                                           |   8|   0|    8|          0|
    |ctx_data_3_0_reg_2590                                             |   8|   0|    8|          0|
    |ctx_data_3_7_reg_14778                                            |   8|   0|    8|          0|
    |ctx_data_40_0_reg_9916                                            |   8|   0|    8|          0|
    |ctx_data_40_7_reg_15148                                           |   8|   0|    8|          0|
    |ctx_data_41_0_reg_10114                                           |   8|   0|    8|          0|
    |ctx_data_41_7_reg_15158                                           |   8|   0|    8|          0|
    |ctx_data_42_0_reg_10312                                           |   8|   0|    8|          0|
    |ctx_data_42_7_reg_15168                                           |   8|   0|    8|          0|
    |ctx_data_43_0_reg_10510                                           |   8|   0|    8|          0|
    |ctx_data_43_7_reg_15178                                           |   8|   0|    8|          0|
    |ctx_data_44_0_reg_10708                                           |   8|   0|    8|          0|
    |ctx_data_44_7_reg_15188                                           |   8|   0|    8|          0|
    |ctx_data_45_0_reg_10906                                           |   8|   0|    8|          0|
    |ctx_data_45_7_reg_15198                                           |   8|   0|    8|          0|
    |ctx_data_4651_0_reg_11104                                         |   8|   0|    8|          0|
    |ctx_data_4651_7_reg_15208                                         |   8|   0|    8|          0|
    |ctx_data_47_0_reg_11302                                           |   8|   0|    8|          0|
    |ctx_data_47_7_reg_15218                                           |   8|   0|    8|          0|
    |ctx_data_48_0_reg_11500                                           |   8|   0|    8|          0|
    |ctx_data_48_7_reg_15228                                           |   8|   0|    8|          0|
    |ctx_data_49_0_reg_11698                                           |   8|   0|    8|          0|
    |ctx_data_49_7_reg_15238                                           |   8|   0|    8|          0|
    |ctx_data_4_0_reg_2788                                             |   8|   0|    8|          0|
    |ctx_data_4_7_reg_14788                                            |   8|   0|    8|          0|
    |ctx_data_50_0_reg_11896                                           |   8|   0|    8|          0|
    |ctx_data_50_7_reg_15248                                           |   8|   0|    8|          0|
    |ctx_data_51_0_reg_12094                                           |   8|   0|    8|          0|
    |ctx_data_51_7_reg_15258                                           |   8|   0|    8|          0|
    |ctx_data_52_0_reg_12292                                           |   8|   0|    8|          0|
    |ctx_data_52_7_reg_15268                                           |   8|   0|    8|          0|
    |ctx_data_53_0_reg_12490                                           |   8|   0|    8|          0|
    |ctx_data_53_7_reg_15278                                           |   8|   0|    8|          0|
    |ctx_data_54_0_reg_12688                                           |   8|   0|    8|          0|
    |ctx_data_54_7_reg_15288                                           |   8|   0|    8|          0|
    |ctx_data_55_0_reg_12886                                           |   8|   0|    8|          0|
    |ctx_data_55_7_reg_15298                                           |   8|   0|    8|          0|
    |ctx_data_56_0_reg_13084                                           |   8|   0|    8|          0|
    |ctx_data_5763_0_reg_13282                                         |   8|   0|    8|          0|
    |ctx_data_58_0_reg_13480                                           |   8|   0|    8|          0|
    |ctx_data_59_0_reg_14470                                           |   8|   0|    8|          0|
    |ctx_data_5_0_reg_2986                                             |   8|   0|    8|          0|
    |ctx_data_5_7_reg_14798                                            |   8|   0|    8|          0|
    |ctx_data_60_0_reg_14272                                           |   8|   0|    8|          0|
    |ctx_data_61_0_reg_14074                                           |   8|   0|    8|          0|
    |ctx_data_62_0_reg_13876                                           |   8|   0|    8|          0|
    |ctx_data_63_0_reg_13678                                           |   8|   0|    8|          0|
    |ctx_data_6_0_reg_3184                                             |   8|   0|    8|          0|
    |ctx_data_6_7_reg_14808                                            |   8|   0|    8|          0|
    |ctx_data_7_0_reg_3382                                             |   8|   0|    8|          0|
    |ctx_data_7_7_reg_14818                                            |   8|   0|    8|          0|
    |ctx_data_8_0_reg_3580                                             |   8|   0|    8|          0|
    |ctx_data_8_7_reg_14828                                            |   8|   0|    8|          0|
    |ctx_data_9_0_reg_3778                                             |   8|   0|    8|          0|
    |ctx_data_9_7_reg_14838                                            |   8|   0|    8|          0|
    |ctx_state_0_0_reg_14668                                           |  32|   0|   32|          0|
    |ctx_state_1_0_reg_14678                                           |  32|   0|   32|          0|
    |ctx_state_2_0_reg_14688                                           |  32|   0|   32|          0|
    |ctx_state_3_0_reg_14698                                           |  32|   0|   32|          0|
    |ctx_state_4_0_reg_14708                                           |  32|   0|   32|          0|
    |ctx_state_5_0_reg_14718                                           |  32|   0|   32|          0|
    |ctx_state_6_0_reg_14728                                           |  32|   0|   32|          0|
    |ctx_state_7_0_reg_14738                                           |  32|   0|   32|          0|
    |grp_sha256_final_Pipeline_VITIS_LOOP_110_1_fu_15506_ap_start_reg  |   1|   0|    1|          0|
    |grp_sha256_final_Pipeline_VITIS_LOOP_115_2_fu_15308_ap_start_reg  |   1|   0|    1|          0|
    |grp_sha256_final_Pipeline_VITIS_LOOP_118_3_fu_15819_ap_start_reg  |   1|   0|    1|          0|
    |grp_sha256_final_Pipeline_VITIS_LOOP_138_4_fu_15935_ap_start_reg  |   1|   0|    1|          0|
    |i_reg_19206                                                       |  32|   0|   32|          0|
    |icmp_ln108_reg_19202                                              |   1|   0|    1|          0|
    |reg_16051                                                         |  32|   0|   32|          0|
    |reg_16057                                                         |  32|   0|   32|          0|
    |reg_16063                                                         |  32|   0|   32|          0|
    |reg_16069                                                         |  32|   0|   32|          0|
    |reg_16075                                                         |  32|   0|   32|          0|
    |reg_16081                                                         |  32|   0|   32|          0|
    |reg_16087                                                         |  32|   0|   32|          0|
    |reg_16093                                                         |  32|   0|   32|          0|
    |trunc_ln109_reg_19212                                             |   6|   0|    6|          0|
    |trunc_ln130_reg_19765                                             |   8|   0|    8|          0|
    |trunc_ln4_reg_19750                                               |   8|   0|    8|          0|
    |trunc_ln5_reg_19755                                               |   8|   0|    8|          0|
    |trunc_ln6_reg_19760                                               |   8|   0|    8|          0|
    |trunc_ln8_reg_19770                                               |   8|   0|    8|          0|
    |trunc_ln9_reg_19775                                               |   8|   0|    8|          0|
    |trunc_ln_reg_19780                                                |   8|   0|    8|          0|
    +------------------------------------------------------------------+----+----+-----+-----------+
    |Total                                                             |1661|   0| 1661|          0|
    +------------------------------------------------------------------+----+----+-----+-----------+



================================================================
== Interface
================================================================
* Summary: 
+----------------------------------------+-----+-----+------------+-------------------+--------------+
|                RTL Ports               | Dir | Bits|  Protocol  |   Source Object   |    C Type    |
+----------------------------------------+-----+-----+------------+-------------------+--------------+
|ap_clk                                  |   in|    1|  ap_ctrl_hs|       sha256_final|  return value|
|ap_rst                                  |   in|    1|  ap_ctrl_hs|       sha256_final|  return value|
|ap_start                                |   in|    1|  ap_ctrl_hs|       sha256_final|  return value|
|ap_done                                 |  out|    1|  ap_ctrl_hs|       sha256_final|  return value|
|ap_idle                                 |  out|    1|  ap_ctrl_hs|       sha256_final|  return value|
|ap_ready                                |  out|    1|  ap_ctrl_hs|       sha256_final|  return value|
|ap_return_0                             |  out|    8|  ap_ctrl_hs|       sha256_final|  return value|
|ap_return_1                             |  out|    8|  ap_ctrl_hs|       sha256_final|  return value|
|ap_return_2                             |  out|    8|  ap_ctrl_hs|       sha256_final|  return value|
|ap_return_3                             |  out|    8|  ap_ctrl_hs|       sha256_final|  return value|
|ap_return_4                             |  out|    8|  ap_ctrl_hs|       sha256_final|  return value|
|ap_return_5                             |  out|    8|  ap_ctrl_hs|       sha256_final|  return value|
|ap_return_6                             |  out|    8|  ap_ctrl_hs|       sha256_final|  return value|
|ap_return_7                             |  out|    8|  ap_ctrl_hs|       sha256_final|  return value|
|ap_return_8                             |  out|    8|  ap_ctrl_hs|       sha256_final|  return value|
|ap_return_9                             |  out|    8|  ap_ctrl_hs|       sha256_final|  return value|
|ap_return_10                            |  out|    8|  ap_ctrl_hs|       sha256_final|  return value|
|ap_return_11                            |  out|    8|  ap_ctrl_hs|       sha256_final|  return value|
|ap_return_12                            |  out|    8|  ap_ctrl_hs|       sha256_final|  return value|
|ap_return_13                            |  out|    8|  ap_ctrl_hs|       sha256_final|  return value|
|ap_return_14                            |  out|    8|  ap_ctrl_hs|       sha256_final|  return value|
|ap_return_15                            |  out|    8|  ap_ctrl_hs|       sha256_final|  return value|
|ap_return_16                            |  out|    8|  ap_ctrl_hs|       sha256_final|  return value|
|ap_return_17                            |  out|    8|  ap_ctrl_hs|       sha256_final|  return value|
|ap_return_18                            |  out|    8|  ap_ctrl_hs|       sha256_final|  return value|
|ap_return_19                            |  out|    8|  ap_ctrl_hs|       sha256_final|  return value|
|ap_return_20                            |  out|    8|  ap_ctrl_hs|       sha256_final|  return value|
|ap_return_21                            |  out|    8|  ap_ctrl_hs|       sha256_final|  return value|
|ap_return_22                            |  out|    8|  ap_ctrl_hs|       sha256_final|  return value|
|ap_return_23                            |  out|    8|  ap_ctrl_hs|       sha256_final|  return value|
|ap_return_24                            |  out|    8|  ap_ctrl_hs|       sha256_final|  return value|
|ap_return_25                            |  out|    8|  ap_ctrl_hs|       sha256_final|  return value|
|ap_return_26                            |  out|    8|  ap_ctrl_hs|       sha256_final|  return value|
|ap_return_27                            |  out|    8|  ap_ctrl_hs|       sha256_final|  return value|
|ap_return_28                            |  out|    8|  ap_ctrl_hs|       sha256_final|  return value|
|ap_return_29                            |  out|    8|  ap_ctrl_hs|       sha256_final|  return value|
|ap_return_30                            |  out|    8|  ap_ctrl_hs|       sha256_final|  return value|
|ap_return_31                            |  out|    8|  ap_ctrl_hs|       sha256_final|  return value|
|grp_sha256_transform_fu_4704_p_din1     |  out|   32|  ap_ctrl_hs|       sha256_final|  return value|
|grp_sha256_transform_fu_4704_p_din2     |  out|   32|  ap_ctrl_hs|       sha256_final|  return value|
|grp_sha256_transform_fu_4704_p_din3     |  out|   32|  ap_ctrl_hs|       sha256_final|  return value|
|grp_sha256_transform_fu_4704_p_din4     |  out|   32|  ap_ctrl_hs|       sha256_final|  return value|
|grp_sha256_transform_fu_4704_p_din5     |  out|   32|  ap_ctrl_hs|       sha256_final|  return value|
|grp_sha256_transform_fu_4704_p_din6     |  out|   32|  ap_ctrl_hs|       sha256_final|  return value|
|grp_sha256_transform_fu_4704_p_din7     |  out|   32|  ap_ctrl_hs|       sha256_final|  return value|
|grp_sha256_transform_fu_4704_p_din8     |  out|   32|  ap_ctrl_hs|       sha256_final|  return value|
|grp_sha256_transform_fu_4704_p_din9     |  out|    8|  ap_ctrl_hs|       sha256_final|  return value|
|grp_sha256_transform_fu_4704_p_din10    |  out|    8|  ap_ctrl_hs|       sha256_final|  return value|
|grp_sha256_transform_fu_4704_p_din11    |  out|    8|  ap_ctrl_hs|       sha256_final|  return value|
|grp_sha256_transform_fu_4704_p_din12    |  out|    8|  ap_ctrl_hs|       sha256_final|  return value|
|grp_sha256_transform_fu_4704_p_din13    |  out|    8|  ap_ctrl_hs|       sha256_final|  return value|
|grp_sha256_transform_fu_4704_p_din14    |  out|    8|  ap_ctrl_hs|       sha256_final|  return value|
|grp_sha256_transform_fu_4704_p_din15    |  out|    8|  ap_ctrl_hs|       sha256_final|  return value|
|grp_sha256_transform_fu_4704_p_din16    |  out|    8|  ap_ctrl_hs|       sha256_final|  return value|
|grp_sha256_transform_fu_4704_p_din17    |  out|    8|  ap_ctrl_hs|       sha256_final|  return value|
|grp_sha256_transform_fu_4704_p_din18    |  out|    8|  ap_ctrl_hs|       sha256_final|  return value|
|grp_sha256_transform_fu_4704_p_din19    |  out|    8|  ap_ctrl_hs|       sha256_final|  return value|
|grp_sha256_transform_fu_4704_p_din20    |  out|    8|  ap_ctrl_hs|       sha256_final|  return value|
|grp_sha256_transform_fu_4704_p_din21    |  out|    8|  ap_ctrl_hs|       sha256_final|  return value|
|grp_sha256_transform_fu_4704_p_din22    |  out|    8|  ap_ctrl_hs|       sha256_final|  return value|
|grp_sha256_transform_fu_4704_p_din23    |  out|    8|  ap_ctrl_hs|       sha256_final|  return value|
|grp_sha256_transform_fu_4704_p_din24    |  out|    8|  ap_ctrl_hs|       sha256_final|  return value|
|grp_sha256_transform_fu_4704_p_din25    |  out|    8|  ap_ctrl_hs|       sha256_final|  return value|
|grp_sha256_transform_fu_4704_p_din26    |  out|    8|  ap_ctrl_hs|       sha256_final|  return value|
|grp_sha256_transform_fu_4704_p_din27    |  out|    8|  ap_ctrl_hs|       sha256_final|  return value|
|grp_sha256_transform_fu_4704_p_din28    |  out|    8|  ap_ctrl_hs|       sha256_final|  return value|
|grp_sha256_transform_fu_4704_p_din29    |  out|    8|  ap_ctrl_hs|       sha256_final|  return value|
|grp_sha256_transform_fu_4704_p_din30    |  out|    8|  ap_ctrl_hs|       sha256_final|  return value|
|grp_sha256_transform_fu_4704_p_din31    |  out|    8|  ap_ctrl_hs|       sha256_final|  return value|
|grp_sha256_transform_fu_4704_p_din32    |  out|    8|  ap_ctrl_hs|       sha256_final|  return value|
|grp_sha256_transform_fu_4704_p_din33    |  out|    8|  ap_ctrl_hs|       sha256_final|  return value|
|grp_sha256_transform_fu_4704_p_din34    |  out|    8|  ap_ctrl_hs|       sha256_final|  return value|
|grp_sha256_transform_fu_4704_p_din35    |  out|    8|  ap_ctrl_hs|       sha256_final|  return value|
|grp_sha256_transform_fu_4704_p_din36    |  out|    8|  ap_ctrl_hs|       sha256_final|  return value|
|grp_sha256_transform_fu_4704_p_din37    |  out|    8|  ap_ctrl_hs|       sha256_final|  return value|
|grp_sha256_transform_fu_4704_p_din38    |  out|    8|  ap_ctrl_hs|       sha256_final|  return value|
|grp_sha256_transform_fu_4704_p_din39    |  out|    8|  ap_ctrl_hs|       sha256_final|  return value|
|grp_sha256_transform_fu_4704_p_din40    |  out|    8|  ap_ctrl_hs|       sha256_final|  return value|
|grp_sha256_transform_fu_4704_p_din41    |  out|    8|  ap_ctrl_hs|       sha256_final|  return value|
|grp_sha256_transform_fu_4704_p_din42    |  out|    8|  ap_ctrl_hs|       sha256_final|  return value|
|grp_sha256_transform_fu_4704_p_din43    |  out|    8|  ap_ctrl_hs|       sha256_final|  return value|
|grp_sha256_transform_fu_4704_p_din44    |  out|    8|  ap_ctrl_hs|       sha256_final|  return value|
|grp_sha256_transform_fu_4704_p_din45    |  out|    8|  ap_ctrl_hs|       sha256_final|  return value|
|grp_sha256_transform_fu_4704_p_din46    |  out|    8|  ap_ctrl_hs|       sha256_final|  return value|
|grp_sha256_transform_fu_4704_p_din47    |  out|    8|  ap_ctrl_hs|       sha256_final|  return value|
|grp_sha256_transform_fu_4704_p_din48    |  out|    8|  ap_ctrl_hs|       sha256_final|  return value|
|grp_sha256_transform_fu_4704_p_din49    |  out|    8|  ap_ctrl_hs|       sha256_final|  return value|
|grp_sha256_transform_fu_4704_p_din50    |  out|    8|  ap_ctrl_hs|       sha256_final|  return value|
|grp_sha256_transform_fu_4704_p_din51    |  out|    8|  ap_ctrl_hs|       sha256_final|  return value|
|grp_sha256_transform_fu_4704_p_din52    |  out|    8|  ap_ctrl_hs|       sha256_final|  return value|
|grp_sha256_transform_fu_4704_p_din53    |  out|    8|  ap_ctrl_hs|       sha256_final|  return value|
|grp_sha256_transform_fu_4704_p_din54    |  out|    8|  ap_ctrl_hs|       sha256_final|  return value|
|grp_sha256_transform_fu_4704_p_din55    |  out|    8|  ap_ctrl_hs|       sha256_final|  return value|
|grp_sha256_transform_fu_4704_p_din56    |  out|    8|  ap_ctrl_hs|       sha256_final|  return value|
|grp_sha256_transform_fu_4704_p_din57    |  out|    8|  ap_ctrl_hs|       sha256_final|  return value|
|grp_sha256_transform_fu_4704_p_din58    |  out|    8|  ap_ctrl_hs|       sha256_final|  return value|
|grp_sha256_transform_fu_4704_p_din59    |  out|    8|  ap_ctrl_hs|       sha256_final|  return value|
|grp_sha256_transform_fu_4704_p_din60    |  out|    8|  ap_ctrl_hs|       sha256_final|  return value|
|grp_sha256_transform_fu_4704_p_din61    |  out|    8|  ap_ctrl_hs|       sha256_final|  return value|
|grp_sha256_transform_fu_4704_p_din62    |  out|    8|  ap_ctrl_hs|       sha256_final|  return value|
|grp_sha256_transform_fu_4704_p_din63    |  out|    8|  ap_ctrl_hs|       sha256_final|  return value|
|grp_sha256_transform_fu_4704_p_din64    |  out|    8|  ap_ctrl_hs|       sha256_final|  return value|
|grp_sha256_transform_fu_4704_p_din65    |  out|    8|  ap_ctrl_hs|       sha256_final|  return value|
|grp_sha256_transform_fu_4704_p_din66    |  out|    8|  ap_ctrl_hs|       sha256_final|  return value|
|grp_sha256_transform_fu_4704_p_din67    |  out|    8|  ap_ctrl_hs|       sha256_final|  return value|
|grp_sha256_transform_fu_4704_p_din68    |  out|    8|  ap_ctrl_hs|       sha256_final|  return value|
|grp_sha256_transform_fu_4704_p_din69    |  out|    8|  ap_ctrl_hs|       sha256_final|  return value|
|grp_sha256_transform_fu_4704_p_din70    |  out|    8|  ap_ctrl_hs|       sha256_final|  return value|
|grp_sha256_transform_fu_4704_p_din71    |  out|    8|  ap_ctrl_hs|       sha256_final|  return value|
|grp_sha256_transform_fu_4704_p_din72    |  out|    8|  ap_ctrl_hs|       sha256_final|  return value|
|grp_sha256_transform_fu_4704_p_dout0_0  |   in|   32|  ap_ctrl_hs|       sha256_final|  return value|
|grp_sha256_transform_fu_4704_p_dout0_1  |   in|   32|  ap_ctrl_hs|       sha256_final|  return value|
|grp_sha256_transform_fu_4704_p_dout0_2  |   in|   32|  ap_ctrl_hs|       sha256_final|  return value|
|grp_sha256_transform_fu_4704_p_dout0_3  |   in|   32|  ap_ctrl_hs|       sha256_final|  return value|
|grp_sha256_transform_fu_4704_p_dout0_4  |   in|   32|  ap_ctrl_hs|       sha256_final|  return value|
|grp_sha256_transform_fu_4704_p_dout0_5  |   in|   32|  ap_ctrl_hs|       sha256_final|  return value|
|grp_sha256_transform_fu_4704_p_dout0_6  |   in|   32|  ap_ctrl_hs|       sha256_final|  return value|
|grp_sha256_transform_fu_4704_p_dout0_7  |   in|   32|  ap_ctrl_hs|       sha256_final|  return value|
|grp_sha256_transform_fu_4704_p_ce       |  out|    1|  ap_ctrl_hs|       sha256_final|  return value|
|p_read                                  |   in|    8|     ap_none|             p_read|        scalar|
|p_read1                                 |   in|    8|     ap_none|            p_read1|        scalar|
|p_read2                                 |   in|    8|     ap_none|            p_read2|        scalar|
|p_read3                                 |   in|    8|     ap_none|            p_read3|        scalar|
|p_read4                                 |   in|    8|     ap_none|            p_read4|        scalar|
|p_read5                                 |   in|    8|     ap_none|            p_read5|        scalar|
|p_read6                                 |   in|    8|     ap_none|            p_read6|        scalar|
|p_read7                                 |   in|    8|     ap_none|            p_read7|        scalar|
|p_read8                                 |   in|    8|     ap_none|            p_read8|        scalar|
|p_read9                                 |   in|    8|     ap_none|            p_read9|        scalar|
|p_read10                                |   in|    8|     ap_none|           p_read10|        scalar|
|p_read11                                |   in|    8|     ap_none|           p_read11|        scalar|
|p_read12                                |   in|    8|     ap_none|           p_read12|        scalar|
|p_read13                                |   in|    8|     ap_none|           p_read13|        scalar|
|p_read14                                |   in|    8|     ap_none|           p_read14|        scalar|
|p_read15                                |   in|    8|     ap_none|           p_read15|        scalar|
|p_read16                                |   in|    8|     ap_none|           p_read16|        scalar|
|p_read17                                |   in|    8|     ap_none|           p_read17|        scalar|
|p_read18                                |   in|    8|     ap_none|           p_read18|        scalar|
|p_read19                                |   in|    8|     ap_none|           p_read19|        scalar|
|p_read20                                |   in|    8|     ap_none|           p_read20|        scalar|
|p_read21                                |   in|    8|     ap_none|           p_read21|        scalar|
|p_read22                                |   in|    8|     ap_none|           p_read22|        scalar|
|p_read23                                |   in|    8|     ap_none|           p_read23|        scalar|
|p_read24                                |   in|    8|     ap_none|           p_read24|        scalar|
|p_read25                                |   in|    8|     ap_none|           p_read25|        scalar|
|p_read26                                |   in|    8|     ap_none|           p_read26|        scalar|
|p_read27                                |   in|    8|     ap_none|           p_read27|        scalar|
|p_read28                                |   in|    8|     ap_none|           p_read28|        scalar|
|p_read29                                |   in|    8|     ap_none|           p_read29|        scalar|
|p_read30                                |   in|    8|     ap_none|           p_read30|        scalar|
|p_read31                                |   in|    8|     ap_none|           p_read31|        scalar|
|p_read32                                |   in|    8|     ap_none|           p_read32|        scalar|
|p_read33                                |   in|    8|     ap_none|           p_read33|        scalar|
|p_read34                                |   in|    8|     ap_none|           p_read34|        scalar|
|p_read35                                |   in|    8|     ap_none|           p_read35|        scalar|
|p_read36                                |   in|    8|     ap_none|           p_read36|        scalar|
|p_read37                                |   in|    8|     ap_none|           p_read37|        scalar|
|p_read38                                |   in|    8|     ap_none|           p_read38|        scalar|
|p_read39                                |   in|    8|     ap_none|           p_read39|        scalar|
|p_read40                                |   in|    8|     ap_none|           p_read40|        scalar|
|p_read41                                |   in|    8|     ap_none|           p_read41|        scalar|
|p_read42                                |   in|    8|     ap_none|           p_read42|        scalar|
|p_read43                                |   in|    8|     ap_none|           p_read43|        scalar|
|p_read44                                |   in|    8|     ap_none|           p_read44|        scalar|
|p_read45                                |   in|    8|     ap_none|           p_read45|        scalar|
|p_read46                                |   in|    8|     ap_none|           p_read46|        scalar|
|p_read47                                |   in|    8|     ap_none|           p_read47|        scalar|
|p_read48                                |   in|    8|     ap_none|           p_read48|        scalar|
|p_read49                                |   in|    8|     ap_none|           p_read49|        scalar|
|p_read50                                |   in|    8|     ap_none|           p_read50|        scalar|
|p_read51                                |   in|    8|     ap_none|           p_read51|        scalar|
|p_read52                                |   in|    8|     ap_none|           p_read52|        scalar|
|p_read53                                |   in|    8|     ap_none|           p_read53|        scalar|
|p_read54                                |   in|    8|     ap_none|           p_read54|        scalar|
|p_read55                                |   in|    8|     ap_none|           p_read55|        scalar|
|p_read56                                |   in|    8|     ap_none|           p_read56|        scalar|
|p_read57                                |   in|    8|     ap_none|           p_read57|        scalar|
|p_read58                                |   in|    8|     ap_none|           p_read58|        scalar|
|p_read59                                |   in|    8|     ap_none|           p_read59|        scalar|
|p_read60                                |   in|    8|     ap_none|           p_read60|        scalar|
|p_read61                                |   in|    8|     ap_none|           p_read61|        scalar|
|p_read62                                |   in|    8|     ap_none|           p_read62|        scalar|
|p_read63                                |   in|    8|     ap_none|           p_read63|        scalar|
|p_read64                                |   in|   32|     ap_none|           p_read64|        scalar|
|ctx_bitlen_0_read                       |   in|   32|     ap_none|  ctx_bitlen_0_read|        scalar|
|p_read6566                              |   in|   32|     ap_none|         p_read6566|        scalar|
|p_read66                                |   in|   32|     ap_none|           p_read66|        scalar|
|p_read67                                |   in|   32|     ap_none|           p_read67|        scalar|
|p_read68                                |   in|   32|     ap_none|           p_read68|        scalar|
|p_read69                                |   in|   32|     ap_none|           p_read69|        scalar|
|p_read70                                |   in|   32|     ap_none|           p_read70|        scalar|
|p_read71                                |   in|   32|     ap_none|           p_read71|        scalar|
|p_read72                                |   in|   32|     ap_none|           p_read72|        scalar|
|p_read73                                |   in|   32|     ap_none|           p_read73|        scalar|
|p_read656675                            |   in|    8|     ap_none|       p_read656675|        scalar|
|p_read6674                              |   in|    8|     ap_none|         p_read6674|        scalar|
|p_read6775                              |   in|    8|     ap_none|         p_read6775|        scalar|
|p_read6876                              |   in|    8|     ap_none|         p_read6876|        scalar|
|p_read6977                              |   in|    8|     ap_none|         p_read6977|        scalar|
|p_read7078                              |   in|    8|     ap_none|         p_read7078|        scalar|
|p_read7179                              |   in|    8|     ap_none|         p_read7179|        scalar|
|p_read7280                              |   in|    8|     ap_none|         p_read7280|        scalar|
|p_read7381                              |   in|    8|     ap_none|         p_read7381|        scalar|
|p_read74                                |   in|    8|     ap_none|           p_read74|        scalar|
|p_read75                                |   in|    8|     ap_none|           p_read75|        scalar|
|p_read76                                |   in|    8|     ap_none|           p_read76|        scalar|
|p_read77                                |   in|    8|     ap_none|           p_read77|        scalar|
|p_read78                                |   in|    8|     ap_none|           p_read78|        scalar|
|p_read79                                |   in|    8|     ap_none|           p_read79|        scalar|
|p_read80                                |   in|    8|     ap_none|           p_read80|        scalar|
|p_read81                                |   in|    8|     ap_none|           p_read81|        scalar|
|p_read82                                |   in|    8|     ap_none|           p_read82|        scalar|
|p_read83                                |   in|    8|     ap_none|           p_read83|        scalar|
|p_read84                                |   in|    8|     ap_none|           p_read84|        scalar|
|p_read85                                |   in|    8|     ap_none|           p_read85|        scalar|
|p_read86                                |   in|    8|     ap_none|           p_read86|        scalar|
|p_read87                                |   in|    8|     ap_none|           p_read87|        scalar|
|p_read88                                |   in|    8|     ap_none|           p_read88|        scalar|
|p_read89                                |   in|    8|     ap_none|           p_read89|        scalar|
|p_read90                                |   in|    8|     ap_none|           p_read90|        scalar|
|p_read91                                |   in|    8|     ap_none|           p_read91|        scalar|
|p_read92                                |   in|    8|     ap_none|           p_read92|        scalar|
|p_read93                                |   in|    8|     ap_none|           p_read93|        scalar|
|p_read94                                |   in|    8|     ap_none|           p_read94|        scalar|
|p_read95                                |   in|    8|     ap_none|           p_read95|        scalar|
|p_read96                                |   in|    8|     ap_none|           p_read96|        scalar|
+----------------------------------------+-----+-----+------------+-------------------+--------------+

