

================================================================
== Vitis HLS Report for 'sha512Top_512u_512u_s'
================================================================
* Date:           Thu Aug  3 21:15:04 2023

* Version:        2022.1 (Build 3526262 on Mon Apr 18 15:47:01 MDT 2022)
* Project:        DESHA512_01
* Solution:       solution1 (Vivado IP Flow Target)
* Product family: virtexuplus
* Target device:  xcu280-fsvh2892-2L-e


================================================================
== Performance Estimates
================================================================
+ Timing: 
    * Summary: 
    +--------+---------+----------+------------+
    |  Clock |  Target | Estimated| Uncertainty|
    +--------+---------+----------+------------+
    |ap_clk  |  4.00 ns|  2.898 ns|     1.08 ns|
    +--------+---------+----------+------------+

+ Latency: 
    * Summary: 
    +---------+---------+----------+----------+-----+-----+----------+
    |  Latency (cycles) |  Latency (absolute) |  Interval | Pipeline |
    |   min   |   max   |    min   |    max   | min | max |   Type   |
    +---------+---------+----------+----------+-----+-----+----------+
    |        ?|        ?|         ?|         ?|    ?|    ?|  dataflow|
    +---------+---------+----------+----------+-----+-----+----------+

    + Detail: 
        * Instance: 
        N/A

        * Loop: 
        N/A

============================================================
+ Verbose Summary: Synthesis Manager
============================================================
InlineROM: 1
ExposeGlobal: 0
============================================================
+ Verbose Summary: CDFG Model
============================================================
IsTopModel: 0
ResetActiveHigh: 1
IsCombinational: 2
IsDatapathOnly: 0
HasWiredReturn: 1
HasMFsm: 0
HasVarLatency: 1
IsPipeline: 0
IsRtlPipelined: 0
IsInstanceOverlapped: 0
IsDontTouch: 0
HasImplIP: 0
IsGatedGlobalClock: 0


============================================================
+ Verbose Summary: Schedule
============================================================
* Number of FSM states : 8
* Pipeline : 0
* Dataflow Pipeline: 1
  DF-Pipeline-0: Size = 8, States = { 1 2 3 4 5 6 7 8 }

* FSM state transitions: 
1 --> 2 
2 --> 3 
3 --> 4 
4 --> 5 
5 --> 6 
6 --> 7 
7 --> 8 
8 --> 

* FSM state operations: 

State 1 <SV = 0> <Delay = 1.46>
ST_1 : Operation 9 [1/1] (0.00ns)   --->   "%blk_strm = alloca i64 1"   --->   Operation 9 'alloca' 'blk_strm' <Predicate = true> <Delay = 0.00> <CoreInst = "FIFO_LUTRAM">   --->   Core 80 'FIFO_LUTRAM' <Latency = 0> <II = 1> <Delay = 1.53> <Storage> <Opcode : 'read' 'write' 'nbread' 'nbwrite'> <Ports = 0> <Width = 1024> <Depth = 32> <FIFO>
ST_1 : Operation 10 [1/1] (0.00ns)   --->   "%end_nblk_strm = alloca i64 1" [SHA512CODE/sha512.cpp:775]   --->   Operation 10 'alloca' 'end_nblk_strm' <Predicate = true> <Delay = 0.00> <CoreInst = "FIFO_LUTRAM">   --->   Core 80 'FIFO_LUTRAM' <Latency = 0> <II = 1> <Delay = 1.35> <Storage> <Opcode : 'read' 'write' 'nbread' 'nbwrite'> <Ports = 0> <Width = 1> <Depth = 32> <FIFO>
ST_1 : Operation 11 [1/1] (0.00ns)   --->   "%end_nblk_strm1 = alloca i64 1" [SHA512CODE/sha512.cpp:778]   --->   Operation 11 'alloca' 'end_nblk_strm1' <Predicate = true> <Delay = 0.00> <CoreInst = "FIFO_LUTRAM">   --->   Core 80 'FIFO_LUTRAM' <Latency = 0> <II = 1> <Delay = 1.35> <Storage> <Opcode : 'read' 'write' 'nbread' 'nbwrite'> <Ports = 0> <Width = 1> <Depth = 32> <FIFO>
ST_1 : Operation 12 [1/1] (0.00ns)   --->   "%end_nblk_strm2 = alloca i64 1" [SHA512CODE/sha512.cpp:781]   --->   Operation 12 'alloca' 'end_nblk_strm2' <Predicate = true> <Delay = 0.00> <CoreInst = "FIFO_LUTRAM">   --->   Core 80 'FIFO_LUTRAM' <Latency = 0> <II = 1> <Delay = 1.35> <Storage> <Opcode : 'read' 'write' 'nbread' 'nbwrite'> <Ports = 0> <Width = 1> <Depth = 32> <FIFO>
ST_1 : Operation 13 [1/1] (0.00ns)   --->   "%w_strm = alloca i64 1" [SHA512CODE/sha512.cpp:786]   --->   Operation 13 'alloca' 'w_strm' <Predicate = true> <Delay = 0.00> <CoreInst = "FIFO_LUTRAM">   --->   Core 80 'FIFO_LUTRAM' <Latency = 0> <II = 1> <Delay = 0.97> <Storage> <Opcode : 'read' 'write' 'nbread' 'nbwrite'> <Ports = 0> <Width = 64> <Depth = 32> <FIFO>
ST_1 : Operation 14 [1/1] (0.00ns)   --->   "%tkeep_strm = alloca i64 1" [SHA512CODE/sha512.cpp:791]   --->   Operation 14 'alloca' 'tkeep_strm' <Predicate = true> <Delay = 0.00> <CoreInst = "FIFO_LUTRAM">   --->   Core 80 'FIFO_LUTRAM' <Latency = 0> <II = 1> <Delay = 0.97> <Storage> <Opcode : 'read' 'write' 'nbread' 'nbwrite'> <Ports = 0> <Width = 64> <Depth = 32> <FIFO>
ST_1 : Operation 15 [1/1] (0.00ns)   --->   "%tid_strm = alloca i64 1" [SHA512CODE/sha512.cpp:794]   --->   Operation 15 'alloca' 'tid_strm' <Predicate = true> <Delay = 0.00> <CoreInst = "FIFO_LUTRAM">   --->   Core 80 'FIFO_LUTRAM' <Latency = 0> <II = 1> <Delay = 1.40> <Storage> <Opcode : 'read' 'write' 'nbread' 'nbwrite'> <Ports = 0> <Width = 6> <Depth = 32> <FIFO>
ST_1 : Operation 16 [2/2] (1.46ns)   --->   "%call_ln799 = call void @preProcessing, i584 %input_r, i1024 %blk_strm, i1 %end_nblk_strm, i64 %tkeep_strm, i6 %tid_strm, i512 %last_input_tdata" [SHA512CODE/sha512.cpp:799]   --->   Operation 16 'call' 'call_ln799' <Predicate = true> <Delay = 1.46> <CoreType = "Generic">   --->   Core 0 '' <Latency = 0> <II = 1> <Delay = 1.00> <Generic> <Opcode : >

State 2 <SV = 1> <Delay = 0.00>
ST_2 : Operation 17 [1/2] (0.00ns)   --->   "%call_ln799 = call void @preProcessing, i584 %input_r, i1024 %blk_strm, i1 %end_nblk_strm, i64 %tkeep_strm, i6 %tid_strm, i512 %last_input_tdata" [SHA512CODE/sha512.cpp:799]   --->   Operation 17 'call' 'call_ln799' <Predicate = true> <Delay = 0.00> <CoreType = "Generic">   --->   Core 0 '' <Latency = 0> <II = 1> <Delay = 1.00> <Generic> <Opcode : >

State 3 <SV = 2> <Delay = 0.00>
ST_3 : Operation 18 [2/2] (0.00ns)   --->   "%call_ln802 = call void @dup_strm<128u>, i1 %end_nblk_strm, i1 %end_nblk_strm1, i1 %end_nblk_strm2" [SHA512CODE/sha512.cpp:802]   --->   Operation 18 'call' 'call_ln802' <Predicate = true> <Delay = 0.00> <CoreType = "Generic">   --->   Core 0 '' <Latency = 0> <II = 1> <Delay = 1.00> <Generic> <Opcode : >

State 4 <SV = 3> <Delay = 0.00>
ST_4 : Operation 19 [1/2] (0.00ns)   --->   "%call_ln802 = call void @dup_strm<128u>, i1 %end_nblk_strm, i1 %end_nblk_strm1, i1 %end_nblk_strm2" [SHA512CODE/sha512.cpp:802]   --->   Operation 19 'call' 'call_ln802' <Predicate = true> <Delay = 0.00> <CoreType = "Generic">   --->   Core 0 '' <Latency = 0> <II = 1> <Delay = 1.00> <Generic> <Opcode : >

State 5 <SV = 4> <Delay = 0.00>
ST_5 : Operation 20 [2/2] (0.00ns)   --->   "%call_ln805 = call void @generateMsgSchedule, i1024 %blk_strm, i1 %end_nblk_strm1, i64 %w_strm" [SHA512CODE/sha512.cpp:805]   --->   Operation 20 'call' 'call_ln805' <Predicate = true> <Delay = 0.00> <CoreType = "Generic">   --->   Core 0 '' <Latency = 0> <II = 1> <Delay = 1.00> <Generic> <Opcode : >

State 6 <SV = 5> <Delay = 0.00>
ST_6 : Operation 21 [1/2] (0.00ns)   --->   "%call_ln805 = call void @generateMsgSchedule, i1024 %blk_strm, i1 %end_nblk_strm1, i64 %w_strm" [SHA512CODE/sha512.cpp:805]   --->   Operation 21 'call' 'call_ln805' <Predicate = true> <Delay = 0.00> <CoreType = "Generic">   --->   Core 0 '' <Latency = 0> <II = 1> <Delay = 1.00> <Generic> <Opcode : >

State 7 <SV = 6> <Delay = 0.00>
ST_7 : Operation 22 [2/2] (0.00ns)   --->   "%call_ln808 = call void @SHA512Digest<64u, 512u>, i64 %w_strm, i1 %end_nblk_strm2, i64 %tkeep_strm, i6 %tid_strm, i583 %output2" [SHA512CODE/sha512.cpp:808]   --->   Operation 22 'call' 'call_ln808' <Predicate = true> <Delay = 0.00> <CoreType = "Generic">   --->   Core 0 '' <Latency = 0> <II = 1> <Delay = 1.00> <Generic> <Opcode : >

State 8 <SV = 7> <Delay = 0.00>
ST_8 : Operation 23 [1/1] (0.00ns)   --->   "%specdataflowpipeline_ln756 = specdataflowpipeline void @_ssdm_op_SpecDataflowPipeline, i32 4294967295, i32 0, void @empty_0" [SHA512CODE/sha512.cpp:756]   --->   Operation 23 'specdataflowpipeline' 'specdataflowpipeline_ln756' <Predicate = true> <Delay = 0.00>
ST_8 : Operation 24 [1/1] (0.00ns)   --->   "%specmemcore_ln0 = specmemcore void @_ssdm_op_SpecMemCore, i583 %output2, i64 666, i64 9, i64 18446744073709551615"   --->   Operation 24 'specmemcore' 'specmemcore_ln0' <Predicate = true> <Delay = 0.00>
ST_8 : Operation 25 [1/1] (0.00ns)   --->   "%specinterface_ln0 = specinterface void @_ssdm_op_SpecInterface, i583 %output2, void @empty_7, i32 0, i32 0, void @empty_0, i32 0, i32 0, void @empty_0, void @empty_0, void @empty_0, i32 0, i32 0, i32 0, i32 0, void @empty_0, void @empty_0, i32 4294967295, i32 0"   --->   Operation 25 'specinterface' 'specinterface_ln0' <Predicate = true> <Delay = 0.00>
ST_8 : Operation 26 [1/1] (0.00ns)   --->   "%specinterface_ln0 = specinterface void @_ssdm_op_SpecInterface, i584 %input_r, void @empty_6, i32 0, i32 0, void @empty_5, i32 0, i32 0, void @empty_0, void @empty_0, void @empty_0, i32 0, i32 0, i32 0, i32 0, void @empty_0, void @empty_0, i32 4294967295, i32 0"   --->   Operation 26 'specinterface' 'specinterface_ln0' <Predicate = true> <Delay = 0.00>
ST_8 : Operation 27 [1/1] (0.00ns)   --->   "%empty = specchannel i32 @_ssdm_op_SpecChannel, void @blk_strm_str, i32 1, void @p_str, void @p_str, i32 32, i32 32, i1024 %blk_strm, i1024 %blk_strm"   --->   Operation 27 'specchannel' 'empty' <Predicate = true> <Delay = 0.00>
ST_8 : Operation 28 [1/1] (0.00ns)   --->   "%specmemcore_ln761 = specmemcore void @_ssdm_op_SpecMemCore, i1024 %blk_strm, i64 666, i64 9, i64 18446744073709551615" [SHA512CODE/sha512.cpp:761]   --->   Operation 28 'specmemcore' 'specmemcore_ln761' <Predicate = true> <Delay = 0.00>
ST_8 : Operation 29 [1/1] (0.00ns)   --->   "%specinterface_ln0 = specinterface void @_ssdm_op_SpecInterface, i1024 %blk_strm, void @empty_7, i32 0, i32 0, void @empty_0, i32 0, i32 0, void @empty_0, void @empty_0, void @empty_0, i32 0, i32 0, i32 0, i32 0, void @empty_0, void @empty_0, i32 4294967295, i32 0"   --->   Operation 29 'specinterface' 'specinterface_ln0' <Predicate = true> <Delay = 0.00>
ST_8 : Operation 30 [1/1] (0.00ns)   --->   "%empty_31 = specchannel i32 @_ssdm_op_SpecChannel, void @end_nblk_strm_str, i32 1, void @p_str, void @p_str, i32 32, i32 32, i1 %end_nblk_strm, i1 %end_nblk_strm"   --->   Operation 30 'specchannel' 'empty_31' <Predicate = true> <Delay = 0.00>
ST_8 : Operation 31 [1/1] (0.00ns)   --->   "%specmemcore_ln777 = specmemcore void @_ssdm_op_SpecMemCore, i1 %end_nblk_strm, i64 666, i64 9, i64 18446744073709551615" [SHA512CODE/sha512.cpp:777]   --->   Operation 31 'specmemcore' 'specmemcore_ln777' <Predicate = true> <Delay = 0.00>
ST_8 : Operation 32 [1/1] (0.00ns)   --->   "%specinterface_ln0 = specinterface void @_ssdm_op_SpecInterface, i1 %end_nblk_strm, void @empty_7, i32 0, i32 0, void @empty_0, i32 0, i32 0, void @empty_0, void @empty_0, void @empty_0, i32 0, i32 0, i32 0, i32 0, void @empty_0, void @empty_0, i32 4294967295, i32 0"   --->   Operation 32 'specinterface' 'specinterface_ln0' <Predicate = true> <Delay = 0.00>
ST_8 : Operation 33 [1/1] (0.00ns)   --->   "%empty_32 = specchannel i32 @_ssdm_op_SpecChannel, void @end_nblk_strm1_str, i32 1, void @p_str, void @p_str, i32 32, i32 32, i1 %end_nblk_strm1, i1 %end_nblk_strm1"   --->   Operation 33 'specchannel' 'empty_32' <Predicate = true> <Delay = 0.00>
ST_8 : Operation 34 [1/1] (0.00ns)   --->   "%specmemcore_ln780 = specmemcore void @_ssdm_op_SpecMemCore, i1 %end_nblk_strm1, i64 666, i64 9, i64 18446744073709551615" [SHA512CODE/sha512.cpp:780]   --->   Operation 34 'specmemcore' 'specmemcore_ln780' <Predicate = true> <Delay = 0.00>
ST_8 : Operation 35 [1/1] (0.00ns)   --->   "%specinterface_ln0 = specinterface void @_ssdm_op_SpecInterface, i1 %end_nblk_strm1, void @empty_7, i32 0, i32 0, void @empty_0, i32 0, i32 0, void @empty_0, void @empty_0, void @empty_0, i32 0, i32 0, i32 0, i32 0, void @empty_0, void @empty_0, i32 4294967295, i32 0"   --->   Operation 35 'specinterface' 'specinterface_ln0' <Predicate = true> <Delay = 0.00>
ST_8 : Operation 36 [1/1] (0.00ns)   --->   "%empty_33 = specchannel i32 @_ssdm_op_SpecChannel, void @end_nblk_strm2_str, i32 1, void @p_str, void @p_str, i32 32, i32 32, i1 %end_nblk_strm2, i1 %end_nblk_strm2"   --->   Operation 36 'specchannel' 'empty_33' <Predicate = true> <Delay = 0.00>
ST_8 : Operation 37 [1/1] (0.00ns)   --->   "%specmemcore_ln783 = specmemcore void @_ssdm_op_SpecMemCore, i1 %end_nblk_strm2, i64 666, i64 9, i64 18446744073709551615" [SHA512CODE/sha512.cpp:783]   --->   Operation 37 'specmemcore' 'specmemcore_ln783' <Predicate = true> <Delay = 0.00>
ST_8 : Operation 38 [1/1] (0.00ns)   --->   "%specinterface_ln0 = specinterface void @_ssdm_op_SpecInterface, i1 %end_nblk_strm2, void @empty_7, i32 0, i32 0, void @empty_0, i32 0, i32 0, void @empty_0, void @empty_0, void @empty_0, i32 0, i32 0, i32 0, i32 0, void @empty_0, void @empty_0, i32 4294967295, i32 0"   --->   Operation 38 'specinterface' 'specinterface_ln0' <Predicate = true> <Delay = 0.00>
ST_8 : Operation 39 [1/1] (0.00ns)   --->   "%empty_34 = specchannel i32 @_ssdm_op_SpecChannel, void @w_strm_str, i32 1, void @p_str, void @p_str, i32 32, i32 32, i64 %w_strm, i64 %w_strm"   --->   Operation 39 'specchannel' 'empty_34' <Predicate = true> <Delay = 0.00>
ST_8 : Operation 40 [1/1] (0.00ns)   --->   "%specmemcore_ln788 = specmemcore void @_ssdm_op_SpecMemCore, i64 %w_strm, i64 666, i64 9, i64 18446744073709551615" [SHA512CODE/sha512.cpp:788]   --->   Operation 40 'specmemcore' 'specmemcore_ln788' <Predicate = true> <Delay = 0.00>
ST_8 : Operation 41 [1/1] (0.00ns)   --->   "%specinterface_ln0 = specinterface void @_ssdm_op_SpecInterface, i64 %w_strm, void @empty_7, i32 0, i32 0, void @empty_0, i32 0, i32 0, void @empty_0, void @empty_0, void @empty_0, i32 0, i32 0, i32 0, i32 0, void @empty_0, void @empty_0, i32 4294967295, i32 0"   --->   Operation 41 'specinterface' 'specinterface_ln0' <Predicate = true> <Delay = 0.00>
ST_8 : Operation 42 [1/1] (0.00ns)   --->   "%empty_35 = specchannel i32 @_ssdm_op_SpecChannel, void @tkeep_strm_str, i32 1, void @p_str, void @p_str, i32 32, i32 32, i64 %tkeep_strm, i64 %tkeep_strm"   --->   Operation 42 'specchannel' 'empty_35' <Predicate = true> <Delay = 0.00>
ST_8 : Operation 43 [1/1] (0.00ns)   --->   "%specmemcore_ln793 = specmemcore void @_ssdm_op_SpecMemCore, i64 %tkeep_strm, i64 666, i64 9, i64 18446744073709551615" [SHA512CODE/sha512.cpp:793]   --->   Operation 43 'specmemcore' 'specmemcore_ln793' <Predicate = true> <Delay = 0.00>
ST_8 : Operation 44 [1/1] (0.00ns)   --->   "%specinterface_ln0 = specinterface void @_ssdm_op_SpecInterface, i64 %tkeep_strm, void @empty_7, i32 0, i32 0, void @empty_0, i32 0, i32 0, void @empty_0, void @empty_0, void @empty_0, i32 0, i32 0, i32 0, i32 0, void @empty_0, void @empty_0, i32 4294967295, i32 0"   --->   Operation 44 'specinterface' 'specinterface_ln0' <Predicate = true> <Delay = 0.00>
ST_8 : Operation 45 [1/1] (0.00ns)   --->   "%empty_36 = specchannel i32 @_ssdm_op_SpecChannel, void @tid_strm_str, i32 1, void @p_str, void @p_str, i32 32, i32 32, i6 %tid_strm, i6 %tid_strm"   --->   Operation 45 'specchannel' 'empty_36' <Predicate = true> <Delay = 0.00>
ST_8 : Operation 46 [1/1] (0.00ns)   --->   "%specmemcore_ln796 = specmemcore void @_ssdm_op_SpecMemCore, i6 %tid_strm, i64 666, i64 9, i64 18446744073709551615" [SHA512CODE/sha512.cpp:796]   --->   Operation 46 'specmemcore' 'specmemcore_ln796' <Predicate = true> <Delay = 0.00>
ST_8 : Operation 47 [1/1] (0.00ns)   --->   "%specinterface_ln0 = specinterface void @_ssdm_op_SpecInterface, i6 %tid_strm, void @empty_7, i32 0, i32 0, void @empty_0, i32 0, i32 0, void @empty_0, void @empty_0, void @empty_0, i32 0, i32 0, i32 0, i32 0, void @empty_0, void @empty_0, i32 4294967295, i32 0"   --->   Operation 47 'specinterface' 'specinterface_ln0' <Predicate = true> <Delay = 0.00>
ST_8 : Operation 48 [1/2] (0.00ns)   --->   "%call_ln808 = call void @SHA512Digest<64u, 512u>, i64 %w_strm, i1 %end_nblk_strm2, i64 %tkeep_strm, i6 %tid_strm, i583 %output2" [SHA512CODE/sha512.cpp:808]   --->   Operation 48 'call' 'call_ln808' <Predicate = true> <Delay = 0.00> <CoreType = "Generic">   --->   Core 0 '' <Latency = 0> <II = 1> <Delay = 1.00> <Generic> <Opcode : >
ST_8 : Operation 49 [1/1] (0.00ns)   --->   "%ret_ln810 = ret" [SHA512CODE/sha512.cpp:810]   --->   Operation 49 'ret' 'ret_ln810' <Predicate = true> <Delay = 0.00>


============================================================
+ Verbose Summary: Timing violations
============================================================
Target clock period: 4ns, clock uncertainty: 1.08ns.

 <State 1>: 1.46ns
The critical path consists of the following:
	'alloca' operation ('blk_strm') [8]  (0 ns)
	'call' operation ('call_ln799', SHA512CODE/sha512.cpp:799) to 'preProcessing' [36]  (1.46 ns)

 <State 2>: 0ns
The critical path consists of the following:

 <State 3>: 0ns
The critical path consists of the following:

 <State 4>: 0ns
The critical path consists of the following:

 <State 5>: 0ns
The critical path consists of the following:

 <State 6>: 0ns
The critical path consists of the following:

 <State 7>: 0ns
The critical path consists of the following:

 <State 8>: 0ns
The critical path consists of the following:


============================================================
+ Verbose Summary: Binding
============================================================
N/A
* FSMD analyzer results:
  - Output states:
 - Input state : 
  - Chain level:
	State 1
	State 2
	State 3
	State 4
	State 5
	State 6
	State 7
	State 8


============================================================
+ Verbose Summary: Datapath Resource usage 
============================================================
N/A
