

================================================================
== Vitis HLS Report for 'SHA512Digest_64u_512u_s'
================================================================
* Date:           Thu Aug  3 15:02:51 2023

* Version:        2022.1 (Build 3526262 on Mon Apr 18 15:47:01 MDT 2022)
* Project:        SHA512_01
* Solution:       solution1 (Vivado IP Flow Target)
* Product family: virtexuplus
* Target device:  xcu280-fsvh2892-2L-e


================================================================
== Performance Estimates
================================================================
+ Timing: 
    * Summary: 
    +--------+---------+----------+------------+
    |  Clock |  Target | Estimated| Uncertainty|
    +--------+---------+----------+------------+
    |ap_clk  |  4.00 ns|  2.768 ns|     1.08 ns|
    +--------+---------+----------+------------+

+ Latency: 
    * Summary: 
    +---------+---------+----------+----------+-----+-----+---------+
    |  Latency (cycles) |  Latency (absolute) |  Interval | Pipeline|
    |   min   |   max   |    min   |    max   | min | max |   Type  |
    +---------+---------+----------+----------+-----+-----+---------+
    |      168|      168|  0.672 us|  0.672 us|  168|  168|       no|
    +---------+---------+----------+----------+-----+-----+---------+

    + Detail: 
        * Instance: 
        +----------------------------------------------------------------------+-----------------------------------------------------------+---------+---------+----------+----------+-----+-----+---------+
        |                                                                      |                                                           |  Latency (cycles) |  Latency (absolute) |  Interval | Pipeline|
        |                               Instance                               |                           Module                          |   min   |   max   |    min   |    max   | min | max |   Type  |
        +----------------------------------------------------------------------+-----------------------------------------------------------+---------+---------+----------+----------+-----+-----+---------+
        |grp_SHA512Digest_64u_512u_Pipeline_LOOP_SHA1_UPDATE_80_ROUNDS_fu_163  |SHA512Digest_64u_512u_Pipeline_LOOP_SHA1_UPDATE_80_ROUNDS  |      163|      163|  0.652 us|  0.652 us|  163|  163|       no|
        +----------------------------------------------------------------------+-----------------------------------------------------------+---------+---------+----------+----------+-----+-----+---------+

        * Loop: 
        +-------------------------+---------+---------+----------+-----------+-----------+------+----------+
        |                         |  Latency (cycles) | Iteration|  Initiation Interval  | Trip |          |
        |        Loop Name        |   min   |   max   |  Latency |  achieved |   target  | Count| Pipelined|
        +-------------------------+---------+---------+----------+-----------+-----------+------+----------+
        |- LOOP_SHA1_DIGEST_NBLK  |      166|      166|       166|          -|          -|     1|        no|
        +-------------------------+---------+---------+----------+-----------+-----------+------+----------+

============================================================
+ Verbose Summary: Synthesis Manager
============================================================
InlineROM: 1
ExposeGlobal: 0
============================================================
+ Verbose Summary: CDFG Model
============================================================
IsTopModel: 0
ResetActiveHigh: 1
IsCombinational: 2
IsDatapathOnly: 0
HasWiredReturn: 1
HasMFsm: 0
HasVarLatency: 1
IsPipeline: 0
IsRtlPipelined: 0
IsInstanceOverlapped: 0
IsDontTouch: 0
HasImplIP: 0
IsGatedGlobalClock: 0


============================================================
+ Verbose Summary: Schedule
============================================================
* Number of FSM states : 5
* Pipeline : 0
* Dataflow Pipeline: 0

* FSM state transitions: 
1 --> 2 
2 --> 3 5 
3 --> 4 
4 --> 2 
5 --> 

* FSM state operations: 

State 1 <SV = 0> <Delay = 0.38>
ST_1 : Operation 6 [1/1] (0.00ns)   --->   "%a_V = alloca i32 1"   --->   Operation 6 'alloca' 'a_V' <Predicate = true> <Delay = 0.00>
ST_1 : Operation 7 [1/1] (0.00ns)   --->   "%b_V = alloca i32 1"   --->   Operation 7 'alloca' 'b_V' <Predicate = true> <Delay = 0.00>
ST_1 : Operation 8 [1/1] (0.00ns)   --->   "%c_V = alloca i32 1"   --->   Operation 8 'alloca' 'c_V' <Predicate = true> <Delay = 0.00>
ST_1 : Operation 9 [1/1] (0.00ns)   --->   "%d_V = alloca i32 1"   --->   Operation 9 'alloca' 'd_V' <Predicate = true> <Delay = 0.00>
ST_1 : Operation 10 [1/1] (0.00ns)   --->   "%e_V = alloca i32 1"   --->   Operation 10 'alloca' 'e_V' <Predicate = true> <Delay = 0.00>
ST_1 : Operation 11 [1/1] (0.00ns)   --->   "%f_V = alloca i32 1"   --->   Operation 11 'alloca' 'f_V' <Predicate = true> <Delay = 0.00>
ST_1 : Operation 12 [1/1] (0.00ns)   --->   "%g_V = alloca i32 1"   --->   Operation 12 'alloca' 'g_V' <Predicate = true> <Delay = 0.00>
ST_1 : Operation 13 [1/1] (0.00ns)   --->   "%h_V = alloca i32 1"   --->   Operation 13 'alloca' 'h_V' <Predicate = true> <Delay = 0.00>
ST_1 : Operation 14 [1/1] (0.00ns)   --->   "%a_V_3_loc = alloca i64 1"   --->   Operation 14 'alloca' 'a_V_3_loc' <Predicate = true> <Delay = 0.00>
ST_1 : Operation 15 [1/1] (0.00ns)   --->   "%b_V_3_loc = alloca i64 1"   --->   Operation 15 'alloca' 'b_V_3_loc' <Predicate = true> <Delay = 0.00>
ST_1 : Operation 16 [1/1] (0.00ns)   --->   "%c_V_3_loc = alloca i64 1"   --->   Operation 16 'alloca' 'c_V_3_loc' <Predicate = true> <Delay = 0.00>
ST_1 : Operation 17 [1/1] (0.00ns)   --->   "%d_V_1_loc = alloca i64 1"   --->   Operation 17 'alloca' 'd_V_1_loc' <Predicate = true> <Delay = 0.00>
ST_1 : Operation 18 [1/1] (0.00ns)   --->   "%e_V_3_loc = alloca i64 1"   --->   Operation 18 'alloca' 'e_V_3_loc' <Predicate = true> <Delay = 0.00>
ST_1 : Operation 19 [1/1] (0.00ns)   --->   "%f_V_3_loc = alloca i64 1"   --->   Operation 19 'alloca' 'f_V_3_loc' <Predicate = true> <Delay = 0.00>
ST_1 : Operation 20 [1/1] (0.00ns)   --->   "%g_V_3_loc = alloca i64 1"   --->   Operation 20 'alloca' 'g_V_3_loc' <Predicate = true> <Delay = 0.00>
ST_1 : Operation 21 [1/1] (0.00ns)   --->   "%h_V_1_loc = alloca i64 1"   --->   Operation 21 'alloca' 'h_V_1_loc' <Predicate = true> <Delay = 0.00>
ST_1 : Operation 22 [1/1] (0.00ns)   --->   "%specmemcore_ln0 = specmemcore void @_ssdm_op_SpecMemCore, i6 %tid_strm36, i64 666, i64 9, i64 18446744073709551615"   --->   Operation 22 'specmemcore' 'specmemcore_ln0' <Predicate = true> <Delay = 0.00>
ST_1 : Operation 23 [1/1] (0.00ns)   --->   "%specmemcore_ln0 = specmemcore void @_ssdm_op_SpecMemCore, i64 %tkeep_strm35, i64 666, i64 9, i64 18446744073709551615"   --->   Operation 23 'specmemcore' 'specmemcore_ln0' <Predicate = true> <Delay = 0.00>
ST_1 : Operation 24 [1/1] (0.00ns)   --->   "%specmemcore_ln0 = specmemcore void @_ssdm_op_SpecMemCore, i64 %w_strm34, i64 666, i64 9, i64 18446744073709551615"   --->   Operation 24 'specmemcore' 'specmemcore_ln0' <Predicate = true> <Delay = 0.00>
ST_1 : Operation 25 [1/1] (0.00ns)   --->   "%specmemcore_ln0 = specmemcore void @_ssdm_op_SpecMemCore, i1 %end_nblk_strm233, i64 666, i64 9, i64 18446744073709551615"   --->   Operation 25 'specmemcore' 'specmemcore_ln0' <Predicate = true> <Delay = 0.00>
ST_1 : Operation 26 [1/1] (0.00ns)   --->   "%specinterface_ln0 = specinterface void @_ssdm_op_SpecInterface, i6 %tid_strm36, void @empty_1, i32 0, i32 0, void @empty_6, i32 0, i32 0, void @empty_6, void @empty_6, void @empty_6, i32 0, i32 0, i32 0, i32 0, void @empty_6, void @empty_6, i32 4294967295, i32 0"   --->   Operation 26 'specinterface' 'specinterface_ln0' <Predicate = true> <Delay = 0.00>
ST_1 : Operation 27 [1/1] (0.00ns)   --->   "%specinterface_ln0 = specinterface void @_ssdm_op_SpecInterface, i64 %tkeep_strm35, void @empty_1, i32 0, i32 0, void @empty_6, i32 0, i32 0, void @empty_6, void @empty_6, void @empty_6, i32 0, i32 0, i32 0, i32 0, void @empty_6, void @empty_6, i32 4294967295, i32 0"   --->   Operation 27 'specinterface' 'specinterface_ln0' <Predicate = true> <Delay = 0.00>
ST_1 : Operation 28 [1/1] (0.00ns)   --->   "%specinterface_ln0 = specinterface void @_ssdm_op_SpecInterface, i64 %w_strm34, void @empty_1, i32 0, i32 0, void @empty_6, i32 0, i32 0, void @empty_6, void @empty_6, void @empty_6, i32 0, i32 0, i32 0, i32 0, void @empty_6, void @empty_6, i32 4294967295, i32 0"   --->   Operation 28 'specinterface' 'specinterface_ln0' <Predicate = true> <Delay = 0.00>
ST_1 : Operation 29 [1/1] (0.00ns)   --->   "%specinterface_ln0 = specinterface void @_ssdm_op_SpecInterface, i1 %end_nblk_strm233, void @empty_1, i32 0, i32 0, void @empty_6, i32 0, i32 0, void @empty_6, void @empty_6, void @empty_6, i32 0, i32 0, i32 0, i32 0, void @empty_6, void @empty_6, i32 4294967295, i32 0"   --->   Operation 29 'specinterface' 'specinterface_ln0' <Predicate = true> <Delay = 0.00>
ST_1 : Operation 30 [1/1] (0.00ns)   --->   "%specinterface_ln0 = specinterface void @_ssdm_op_SpecInterface, i584 %output_r, void @empty_0, i32 0, i32 0, void @empty_5, i32 0, i32 0, void @empty_6, void @empty_6, void @empty_6, i32 0, i32 0, i32 0, i32 0, void @empty_6, void @empty_6, i32 4294967295, i32 0"   --->   Operation 30 'specinterface' 'specinterface_ln0' <Predicate = true> <Delay = 0.00>
ST_1 : Operation 31 [1/1] (0.38ns)   --->   "%store_ln627 = store i64 6620516959819538809, i64 %h_V" [SHA512CODE/sha512.cpp:627]   --->   Operation 31 'store' 'store_ln627' <Predicate = true> <Delay = 0.38>
ST_1 : Operation 32 [1/1] (0.38ns)   --->   "%store_ln627 = store i64 2270897969802886507, i64 %g_V" [SHA512CODE/sha512.cpp:627]   --->   Operation 32 'store' 'store_ln627' <Predicate = true> <Delay = 0.38>
ST_1 : Operation 33 [1/1] (0.38ns)   --->   "%store_ln627 = store i64 11170449401992604703, i64 %f_V" [SHA512CODE/sha512.cpp:627]   --->   Operation 33 'store' 'store_ln627' <Predicate = true> <Delay = 0.38>
ST_1 : Operation 34 [1/1] (0.38ns)   --->   "%store_ln627 = store i64 5840696475078001361, i64 %e_V" [SHA512CODE/sha512.cpp:627]   --->   Operation 34 'store' 'store_ln627' <Predicate = true> <Delay = 0.38>
ST_1 : Operation 35 [1/1] (0.38ns)   --->   "%store_ln627 = store i64 11912009170470909681, i64 %d_V" [SHA512CODE/sha512.cpp:627]   --->   Operation 35 'store' 'store_ln627' <Predicate = true> <Delay = 0.38>
ST_1 : Operation 36 [1/1] (0.38ns)   --->   "%store_ln627 = store i64 4354685564936845355, i64 %c_V" [SHA512CODE/sha512.cpp:627]   --->   Operation 36 'store' 'store_ln627' <Predicate = true> <Delay = 0.38>
ST_1 : Operation 37 [1/1] (0.38ns)   --->   "%store_ln627 = store i64 13503953896175478587, i64 %b_V" [SHA512CODE/sha512.cpp:627]   --->   Operation 37 'store' 'store_ln627' <Predicate = true> <Delay = 0.38>
ST_1 : Operation 38 [1/1] (0.38ns)   --->   "%store_ln627 = store i64 7640891576956012808, i64 %a_V" [SHA512CODE/sha512.cpp:627]   --->   Operation 38 'store' 'store_ln627' <Predicate = true> <Delay = 0.38>
ST_1 : Operation 39 [1/1] (0.00ns)   --->   "%br_ln627 = br void %do.body" [SHA512CODE/sha512.cpp:627]   --->   Operation 39 'br' 'br_ln627' <Predicate = true> <Delay = 0.00>

State 2 <SV = 1> <Delay = 2.76>
ST_2 : Operation 40 [1/1] (0.00ns)   --->   "%speclooptripcount_ln628 = speclooptripcount void @_ssdm_op_SpecLoopTripCount, i64 1, i64 1, i64 1" [SHA512CODE/sha512.cpp:628]   --->   Operation 40 'speclooptripcount' 'speclooptripcount_ln628' <Predicate = true> <Delay = 0.00>
ST_2 : Operation 41 [1/1] (0.00ns)   --->   "%specloopname_ln0 = specloopname void @_ssdm_op_SpecLoopName, void @empty_4" [/share/xilinx/Vitis_HLS/2022.1/common/technology/autopilot/hls_stream_39.h:0]   --->   Operation 41 'specloopname' 'specloopname_ln0' <Predicate = true> <Delay = 0.00>
ST_2 : Operation 42 [1/1] (1.35ns)   --->   "%tmp = read i1 @_ssdm_op_Read.ap_fifo.volatile.i1P0A, i1 %end_nblk_strm233" [/share/xilinx/Vitis_HLS/2022.1/common/technology/autopilot/hls_stream_39.h:145]   --->   Operation 42 'read' 'tmp' <Predicate = true> <Delay = 1.35> <CoreInst = "FIFO_LUTRAM">   --->   Core 80 'FIFO_LUTRAM' <Latency = 0> <II = 1> <Delay = 1.35> <Storage> <Opcode : 'read' 'write' 'nbread' 'nbwrite'> <Ports = 0> <Width = 1> <Depth = 32> <FIFO>
ST_2 : Operation 43 [1/1] (0.00ns)   --->   "%br_ln631 = br i1 %tmp, void %for.inc.preheader, void %do.end" [SHA512CODE/sha512.cpp:631]   --->   Operation 43 'br' 'br_ln631' <Predicate = true> <Delay = 0.00>
ST_2 : Operation 44 [1/1] (0.00ns)   --->   "%a_V_load = load i64 %a_V"   --->   Operation 44 'load' 'a_V_load' <Predicate = (!tmp)> <Delay = 0.00>
ST_2 : Operation 45 [1/1] (0.00ns)   --->   "%b_V_load = load i64 %b_V"   --->   Operation 45 'load' 'b_V_load' <Predicate = (!tmp)> <Delay = 0.00>
ST_2 : Operation 46 [1/1] (0.00ns)   --->   "%c_V_load = load i64 %c_V"   --->   Operation 46 'load' 'c_V_load' <Predicate = (!tmp)> <Delay = 0.00>
ST_2 : Operation 47 [1/1] (0.00ns)   --->   "%d_V_load = load i64 %d_V"   --->   Operation 47 'load' 'd_V_load' <Predicate = (!tmp)> <Delay = 0.00>
ST_2 : Operation 48 [1/1] (0.00ns)   --->   "%e_V_load = load i64 %e_V"   --->   Operation 48 'load' 'e_V_load' <Predicate = (!tmp)> <Delay = 0.00>
ST_2 : Operation 49 [1/1] (0.00ns)   --->   "%f_V_load = load i64 %f_V"   --->   Operation 49 'load' 'f_V_load' <Predicate = (!tmp)> <Delay = 0.00>
ST_2 : Operation 50 [1/1] (0.00ns)   --->   "%g_V_load = load i64 %g_V"   --->   Operation 50 'load' 'g_V_load' <Predicate = (!tmp)> <Delay = 0.00>
ST_2 : Operation 51 [1/1] (0.00ns)   --->   "%h_V_load = load i64 %h_V"   --->   Operation 51 'load' 'h_V_load' <Predicate = (!tmp)> <Delay = 0.00>
ST_2 : Operation 52 [1/1] (0.00ns)   --->   "%empty = wait i32 @_ssdm_op_Wait"   --->   Operation 52 'wait' 'empty' <Predicate = (!tmp)> <Delay = 0.00>
ST_2 : Operation 53 [2/2] (0.38ns)   --->   "%call_ln232 = call void @SHA512Digest<64u, 512u>_Pipeline_LOOP_SHA1_UPDATE_80_ROUNDS, i64 %h_V_load, i64 %g_V_load, i64 %f_V_load, i64 %e_V_load, i64 %d_V_load, i64 %c_V_load, i64 %b_V_load, i64 %a_V_load, i64 %w_strm34, i64 %h_V_1_loc, i64 %g_V_3_loc, i64 %f_V_3_loc, i64 %e_V_3_loc, i64 %d_V_1_loc, i64 %c_V_3_loc, i64 %b_V_3_loc, i64 %a_V_3_loc"   --->   Operation 53 'call' 'call_ln232' <Predicate = (!tmp)> <Delay = 0.38> <CoreType = "Generic">   --->   Core 0 '' <Latency = 0> <II = 1> <Delay = 1.00> <Generic> <Opcode : >
ST_2 : Operation 54 [1/1] (0.00ns)   --->   "%a_V_load_1 = load i64 %a_V" [/share/xilinx/Vitis_HLS/2022.1/common/technology/autopilot/hls_stream_39.h:174]   --->   Operation 54 'load' 'a_V_load_1' <Predicate = (tmp)> <Delay = 0.00>
ST_2 : Operation 55 [1/1] (0.00ns)   --->   "%b_V_load_1 = load i64 %b_V" [/share/xilinx/Vitis_HLS/2022.1/common/technology/autopilot/hls_stream_39.h:174]   --->   Operation 55 'load' 'b_V_load_1' <Predicate = (tmp)> <Delay = 0.00>
ST_2 : Operation 56 [1/1] (0.00ns)   --->   "%c_V_load_1 = load i64 %c_V" [/share/xilinx/Vitis_HLS/2022.1/common/technology/autopilot/hls_stream_39.h:174]   --->   Operation 56 'load' 'c_V_load_1' <Predicate = (tmp)> <Delay = 0.00>
ST_2 : Operation 57 [1/1] (0.00ns)   --->   "%d_V_load_1 = load i64 %d_V" [/share/xilinx/Vitis_HLS/2022.1/common/technology/autopilot/hls_stream_39.h:174]   --->   Operation 57 'load' 'd_V_load_1' <Predicate = (tmp)> <Delay = 0.00>
ST_2 : Operation 58 [1/1] (0.00ns)   --->   "%e_V_load_1 = load i64 %e_V" [/share/xilinx/Vitis_HLS/2022.1/common/technology/autopilot/hls_stream_39.h:174]   --->   Operation 58 'load' 'e_V_load_1' <Predicate = (tmp)> <Delay = 0.00>
ST_2 : Operation 59 [1/1] (0.00ns)   --->   "%f_V_load_1 = load i64 %f_V" [/share/xilinx/Vitis_HLS/2022.1/common/technology/autopilot/hls_stream_39.h:174]   --->   Operation 59 'load' 'f_V_load_1' <Predicate = (tmp)> <Delay = 0.00>
ST_2 : Operation 60 [1/1] (0.00ns)   --->   "%g_V_load_1 = load i64 %g_V" [/share/xilinx/Vitis_HLS/2022.1/common/technology/autopilot/hls_stream_39.h:174]   --->   Operation 60 'load' 'g_V_load_1' <Predicate = (tmp)> <Delay = 0.00>
ST_2 : Operation 61 [1/1] (0.00ns)   --->   "%h_V_load_1 = load i64 %h_V" [/share/xilinx/Vitis_HLS/2022.1/common/technology/autopilot/hls_stream_39.h:174]   --->   Operation 61 'load' 'h_V_load_1' <Predicate = (tmp)> <Delay = 0.00>
ST_2 : Operation 62 [1/1] (0.97ns)   --->   "%tmp_12 = read i64 @_ssdm_op_Read.ap_fifo.volatile.i64P0A, i64 %tkeep_strm35" [/share/xilinx/Vitis_HLS/2022.1/common/technology/autopilot/hls_stream_39.h:145]   --->   Operation 62 'read' 'tmp_12' <Predicate = (tmp)> <Delay = 0.97> <CoreInst = "FIFO_LUTRAM">   --->   Core 80 'FIFO_LUTRAM' <Latency = 0> <II = 1> <Delay = 0.97> <Storage> <Opcode : 'read' 'write' 'nbread' 'nbwrite'> <Ports = 0> <Width = 64> <Depth = 32> <FIFO>
ST_2 : Operation 63 [1/1] (1.40ns)   --->   "%tmp_13 = read i6 @_ssdm_op_Read.ap_fifo.volatile.i6P0A, i6 %tid_strm36" [/share/xilinx/Vitis_HLS/2022.1/common/technology/autopilot/hls_stream_39.h:145]   --->   Operation 63 'read' 'tmp_13' <Predicate = (tmp)> <Delay = 1.40> <CoreInst = "FIFO_LUTRAM">   --->   Core 80 'FIFO_LUTRAM' <Latency = 0> <II = 1> <Delay = 1.40> <Storage> <Opcode : 'read' 'write' 'nbread' 'nbwrite'> <Ports = 0> <Width = 6> <Depth = 32> <FIFO>
ST_2 : Operation 64 [1/1] (0.00ns)   --->   "%zext_ln174_cast = bitconcatenate i583 @_ssdm_op_BitConcatenate.i583.i1.i6.i64.i64.i64.i64.i64.i64.i64.i64.i64, i1 1, i6 %tmp_13, i64 %tmp_12, i64 %a_V_load_1, i64 %b_V_load_1, i64 %c_V_load_1, i64 %d_V_load_1, i64 %e_V_load_1, i64 %f_V_load_1, i64 %g_V_load_1, i64 %h_V_load_1" [/share/xilinx/Vitis_HLS/2022.1/common/technology/autopilot/hls_stream_39.h:174]   --->   Operation 64 'bitconcatenate' 'zext_ln174_cast' <Predicate = (tmp)> <Delay = 0.00>
ST_2 : Operation 65 [1/1] (0.00ns)   --->   "%zext_ln174 = zext i583 %zext_ln174_cast" [/share/xilinx/Vitis_HLS/2022.1/common/technology/autopilot/hls_stream_39.h:174]   --->   Operation 65 'zext' 'zext_ln174' <Predicate = (tmp)> <Delay = 0.00>
ST_2 : Operation 66 [1/1] (0.00ns)   --->   "%write_ln174 = write void @_ssdm_op_Write.axis.volatile.i584P128A, i584 %output_r, i584 %zext_ln174" [/share/xilinx/Vitis_HLS/2022.1/common/technology/autopilot/hls_stream_39.h:174]   --->   Operation 66 'write' 'write_ln174' <Predicate = (tmp)> <Delay = 0.00> <CoreInst = "axis">   --->   Core 123 'axis' <Latency = 0> <II = 1> <Delay = 1.00> <Adapter> <Opcode : >

State 3 <SV = 2> <Delay = 0.00>
ST_3 : Operation 67 [1/2] (0.00ns)   --->   "%call_ln232 = call void @SHA512Digest<64u, 512u>_Pipeline_LOOP_SHA1_UPDATE_80_ROUNDS, i64 %h_V_load, i64 %g_V_load, i64 %f_V_load, i64 %e_V_load, i64 %d_V_load, i64 %c_V_load, i64 %b_V_load, i64 %a_V_load, i64 %w_strm34, i64 %h_V_1_loc, i64 %g_V_3_loc, i64 %f_V_3_loc, i64 %e_V_3_loc, i64 %d_V_1_loc, i64 %c_V_3_loc, i64 %b_V_3_loc, i64 %a_V_3_loc"   --->   Operation 67 'call' 'call_ln232' <Predicate = true> <Delay = 0.00> <CoreType = "Generic">   --->   Core 0 '' <Latency = 0> <II = 1> <Delay = 1.00> <Generic> <Opcode : >

State 4 <SV = 3> <Delay = 1.53>
ST_4 : Operation 68 [1/1] (0.00ns)   --->   "%h_V_1_loc_load = load i64 %h_V_1_loc"   --->   Operation 68 'load' 'h_V_1_loc_load' <Predicate = true> <Delay = 0.00>
ST_4 : Operation 69 [1/1] (0.00ns)   --->   "%g_V_3_loc_load = load i64 %g_V_3_loc"   --->   Operation 69 'load' 'g_V_3_loc_load' <Predicate = true> <Delay = 0.00>
ST_4 : Operation 70 [1/1] (0.00ns)   --->   "%f_V_3_loc_load = load i64 %f_V_3_loc"   --->   Operation 70 'load' 'f_V_3_loc_load' <Predicate = true> <Delay = 0.00>
ST_4 : Operation 71 [1/1] (0.00ns)   --->   "%e_V_3_loc_load = load i64 %e_V_3_loc"   --->   Operation 71 'load' 'e_V_3_loc_load' <Predicate = true> <Delay = 0.00>
ST_4 : Operation 72 [1/1] (0.00ns)   --->   "%d_V_1_loc_load = load i64 %d_V_1_loc"   --->   Operation 72 'load' 'd_V_1_loc_load' <Predicate = true> <Delay = 0.00>
ST_4 : Operation 73 [1/1] (0.00ns)   --->   "%c_V_3_loc_load = load i64 %c_V_3_loc"   --->   Operation 73 'load' 'c_V_3_loc_load' <Predicate = true> <Delay = 0.00>
ST_4 : Operation 74 [1/1] (0.00ns)   --->   "%b_V_3_loc_load = load i64 %b_V_3_loc"   --->   Operation 74 'load' 'b_V_3_loc_load' <Predicate = true> <Delay = 0.00>
ST_4 : Operation 75 [1/1] (0.00ns)   --->   "%a_V_3_loc_load = load i64 %a_V_3_loc"   --->   Operation 75 'load' 'a_V_3_loc_load' <Predicate = true> <Delay = 0.00>
ST_4 : Operation 76 [1/1] (0.00ns)   --->   "%empty_256 = wait i32 @_ssdm_op_Wait"   --->   Operation 76 'wait' 'empty_256' <Predicate = true> <Delay = 0.00>
ST_4 : Operation 77 [1/1] (1.14ns)   --->   "%add_ln232 = add i64 %a_V_3_loc_load, i64 %a_V_load"   --->   Operation 77 'add' 'add_ln232' <Predicate = true> <Delay = 1.14> <CoreInst = "Adder">   --->   Core 1 'Adder' <Latency = 0> <II = 1> <Delay = 1.14> <FuncUnit> <Opcode : 'add' 'sub'> <InPorts = 2> <OutPorts = 1>
ST_4 : Operation 78 [1/1] (1.14ns)   --->   "%add_ln232_3 = add i64 %b_V_3_loc_load, i64 %b_V_load"   --->   Operation 78 'add' 'add_ln232_3' <Predicate = true> <Delay = 1.14> <CoreInst = "Adder">   --->   Core 1 'Adder' <Latency = 0> <II = 1> <Delay = 1.14> <FuncUnit> <Opcode : 'add' 'sub'> <InPorts = 2> <OutPorts = 1>
ST_4 : Operation 79 [1/1] (1.14ns)   --->   "%add_ln232_4 = add i64 %c_V_3_loc_load, i64 %c_V_load"   --->   Operation 79 'add' 'add_ln232_4' <Predicate = true> <Delay = 1.14> <CoreInst = "Adder">   --->   Core 1 'Adder' <Latency = 0> <II = 1> <Delay = 1.14> <FuncUnit> <Opcode : 'add' 'sub'> <InPorts = 2> <OutPorts = 1>
ST_4 : Operation 80 [1/1] (1.14ns)   --->   "%add_ln232_5 = add i64 %d_V_1_loc_load, i64 %d_V_load"   --->   Operation 80 'add' 'add_ln232_5' <Predicate = true> <Delay = 1.14> <CoreInst = "Adder">   --->   Core 1 'Adder' <Latency = 0> <II = 1> <Delay = 1.14> <FuncUnit> <Opcode : 'add' 'sub'> <InPorts = 2> <OutPorts = 1>
ST_4 : Operation 81 [1/1] (1.14ns)   --->   "%add_ln232_6 = add i64 %e_V_3_loc_load, i64 %e_V_load"   --->   Operation 81 'add' 'add_ln232_6' <Predicate = true> <Delay = 1.14> <CoreInst = "Adder">   --->   Core 1 'Adder' <Latency = 0> <II = 1> <Delay = 1.14> <FuncUnit> <Opcode : 'add' 'sub'> <InPorts = 2> <OutPorts = 1>
ST_4 : Operation 82 [1/1] (1.14ns)   --->   "%add_ln232_7 = add i64 %f_V_3_loc_load, i64 %f_V_load"   --->   Operation 82 'add' 'add_ln232_7' <Predicate = true> <Delay = 1.14> <CoreInst = "Adder">   --->   Core 1 'Adder' <Latency = 0> <II = 1> <Delay = 1.14> <FuncUnit> <Opcode : 'add' 'sub'> <InPorts = 2> <OutPorts = 1>
ST_4 : Operation 83 [1/1] (1.14ns)   --->   "%add_ln232_8 = add i64 %g_V_3_loc_load, i64 %g_V_load"   --->   Operation 83 'add' 'add_ln232_8' <Predicate = true> <Delay = 1.14> <CoreInst = "Adder">   --->   Core 1 'Adder' <Latency = 0> <II = 1> <Delay = 1.14> <FuncUnit> <Opcode : 'add' 'sub'> <InPorts = 2> <OutPorts = 1>
ST_4 : Operation 84 [1/1] (1.14ns)   --->   "%add_ln232_9 = add i64 %h_V_1_loc_load, i64 %h_V_load"   --->   Operation 84 'add' 'add_ln232_9' <Predicate = true> <Delay = 1.14> <CoreInst = "Adder">   --->   Core 1 'Adder' <Latency = 0> <II = 1> <Delay = 1.14> <FuncUnit> <Opcode : 'add' 'sub'> <InPorts = 2> <OutPorts = 1>
ST_4 : Operation 85 [1/1] (0.38ns)   --->   "%store_ln692 = store i64 %add_ln232_9, i64 %h_V" [SHA512CODE/sha512.cpp:692]   --->   Operation 85 'store' 'store_ln692' <Predicate = true> <Delay = 0.38>
ST_4 : Operation 86 [1/1] (0.38ns)   --->   "%store_ln692 = store i64 %add_ln232_8, i64 %g_V" [SHA512CODE/sha512.cpp:692]   --->   Operation 86 'store' 'store_ln692' <Predicate = true> <Delay = 0.38>
ST_4 : Operation 87 [1/1] (0.38ns)   --->   "%store_ln692 = store i64 %add_ln232_7, i64 %f_V" [SHA512CODE/sha512.cpp:692]   --->   Operation 87 'store' 'store_ln692' <Predicate = true> <Delay = 0.38>
ST_4 : Operation 88 [1/1] (0.38ns)   --->   "%store_ln692 = store i64 %add_ln232_6, i64 %e_V" [SHA512CODE/sha512.cpp:692]   --->   Operation 88 'store' 'store_ln692' <Predicate = true> <Delay = 0.38>
ST_4 : Operation 89 [1/1] (0.38ns)   --->   "%store_ln692 = store i64 %add_ln232_5, i64 %d_V" [SHA512CODE/sha512.cpp:692]   --->   Operation 89 'store' 'store_ln692' <Predicate = true> <Delay = 0.38>
ST_4 : Operation 90 [1/1] (0.38ns)   --->   "%store_ln692 = store i64 %add_ln232_4, i64 %c_V" [SHA512CODE/sha512.cpp:692]   --->   Operation 90 'store' 'store_ln692' <Predicate = true> <Delay = 0.38>
ST_4 : Operation 91 [1/1] (0.38ns)   --->   "%store_ln692 = store i64 %add_ln232_3, i64 %b_V" [SHA512CODE/sha512.cpp:692]   --->   Operation 91 'store' 'store_ln692' <Predicate = true> <Delay = 0.38>
ST_4 : Operation 92 [1/1] (0.38ns)   --->   "%store_ln692 = store i64 %add_ln232, i64 %a_V" [SHA512CODE/sha512.cpp:692]   --->   Operation 92 'store' 'store_ln692' <Predicate = true> <Delay = 0.38>
ST_4 : Operation 93 [1/1] (0.00ns)   --->   "%br_ln693 = br void %do.body" [SHA512CODE/sha512.cpp:693]   --->   Operation 93 'br' 'br_ln693' <Predicate = true> <Delay = 0.00>

State 5 <SV = 2> <Delay = 0.00>
ST_5 : Operation 94 [1/1] (0.00ns)   --->   "%ret_ln727 = ret" [SHA512CODE/sha512.cpp:727]   --->   Operation 94 'ret' 'ret_ln727' <Predicate = true> <Delay = 0.00>


============================================================
+ Verbose Summary: Binding
============================================================
STG Binding: 
---------------- STG Properties BEGIN ----------------
- Is combinational: 0
- Is one-state seq: 0
- Is datapath-only: 0
- Is pipelined: 0
- Is top level: 0
Port [ Return ] is wired: 1; IO mode=ap_ctrl_hs:ce=0
Port [ w_strm34]:  wired=1; compound=1; hidden=0; nouse=0; global=0; static=0; extern=0; dir=0; type=3; pingpong=0; private_global=0; IO mode=ap_fifo:ce=0
Port [ end_nblk_strm233]:  wired=1; compound=1; hidden=0; nouse=0; global=0; static=0; extern=0; dir=0; type=3; pingpong=0; private_global=0; IO mode=ap_fifo:ce=0
Port [ tkeep_strm35]:  wired=1; compound=1; hidden=0; nouse=0; global=0; static=0; extern=0; dir=0; type=3; pingpong=0; private_global=0; IO mode=ap_fifo:ce=0
Port [ tid_strm36]:  wired=1; compound=1; hidden=0; nouse=0; global=0; static=0; extern=0; dir=0; type=3; pingpong=0; private_global=0; IO mode=ap_fifo:ce=0
Port [ output_r]:  wired=1; compound=1; hidden=0; nouse=0; global=0; static=0; extern=0; dir=1; type=0; pingpong=0; private_global=0; IO mode=axis:ce=0
---------------- STG Properties END ------------------

---------------- Datapath Model BEGIN ----------------

<LifeTime>
<method=bitvector/>
a_V                     (alloca           ) [ 011110]
b_V                     (alloca           ) [ 011110]
c_V                     (alloca           ) [ 011110]
d_V                     (alloca           ) [ 011110]
e_V                     (alloca           ) [ 011110]
f_V                     (alloca           ) [ 011110]
g_V                     (alloca           ) [ 011110]
h_V                     (alloca           ) [ 011110]
a_V_3_loc               (alloca           ) [ 001110]
b_V_3_loc               (alloca           ) [ 001110]
c_V_3_loc               (alloca           ) [ 001110]
d_V_1_loc               (alloca           ) [ 001110]
e_V_3_loc               (alloca           ) [ 001110]
f_V_3_loc               (alloca           ) [ 001110]
g_V_3_loc               (alloca           ) [ 001110]
h_V_1_loc               (alloca           ) [ 001110]
specmemcore_ln0         (specmemcore      ) [ 000000]
specmemcore_ln0         (specmemcore      ) [ 000000]
specmemcore_ln0         (specmemcore      ) [ 000000]
specmemcore_ln0         (specmemcore      ) [ 000000]
specinterface_ln0       (specinterface    ) [ 000000]
specinterface_ln0       (specinterface    ) [ 000000]
specinterface_ln0       (specinterface    ) [ 000000]
specinterface_ln0       (specinterface    ) [ 000000]
specinterface_ln0       (specinterface    ) [ 000000]
store_ln627             (store            ) [ 000000]
store_ln627             (store            ) [ 000000]
store_ln627             (store            ) [ 000000]
store_ln627             (store            ) [ 000000]
store_ln627             (store            ) [ 000000]
store_ln627             (store            ) [ 000000]
store_ln627             (store            ) [ 000000]
store_ln627             (store            ) [ 000000]
br_ln627                (br               ) [ 000000]
speclooptripcount_ln628 (speclooptripcount) [ 000000]
specloopname_ln0        (specloopname     ) [ 000000]
tmp                     (read             ) [ 001110]
br_ln631                (br               ) [ 000000]
a_V_load                (load             ) [ 000110]
b_V_load                (load             ) [ 000110]
c_V_load                (load             ) [ 000110]
d_V_load                (load             ) [ 000110]
e_V_load                (load             ) [ 000110]
f_V_load                (load             ) [ 000110]
g_V_load                (load             ) [ 000110]
h_V_load                (load             ) [ 000110]
empty                   (wait             ) [ 000000]
a_V_load_1              (load             ) [ 000000]
b_V_load_1              (load             ) [ 000000]
c_V_load_1              (load             ) [ 000000]
d_V_load_1              (load             ) [ 000000]
e_V_load_1              (load             ) [ 000000]
f_V_load_1              (load             ) [ 000000]
g_V_load_1              (load             ) [ 000000]
h_V_load_1              (load             ) [ 000000]
tmp_12                  (read             ) [ 000000]
tmp_13                  (read             ) [ 000000]
zext_ln174_cast         (bitconcatenate   ) [ 000000]
zext_ln174              (zext             ) [ 000000]
write_ln174             (write            ) [ 000000]
call_ln232              (call             ) [ 000000]
h_V_1_loc_load          (load             ) [ 000000]
g_V_3_loc_load          (load             ) [ 000000]
f_V_3_loc_load          (load             ) [ 000000]
e_V_3_loc_load          (load             ) [ 000000]
d_V_1_loc_load          (load             ) [ 000000]
c_V_3_loc_load          (load             ) [ 000000]
b_V_3_loc_load          (load             ) [ 000000]
a_V_3_loc_load          (load             ) [ 000000]
empty_256               (wait             ) [ 000000]
add_ln232               (add              ) [ 000000]
add_ln232_3             (add              ) [ 000000]
add_ln232_4             (add              ) [ 000000]
add_ln232_5             (add              ) [ 000000]
add_ln232_6             (add              ) [ 000000]
add_ln232_7             (add              ) [ 000000]
add_ln232_8             (add              ) [ 000000]
add_ln232_9             (add              ) [ 000000]
store_ln692             (store            ) [ 000000]
store_ln692             (store            ) [ 000000]
store_ln692             (store            ) [ 000000]
store_ln692             (store            ) [ 000000]
store_ln692             (store            ) [ 000000]
store_ln692             (store            ) [ 000000]
store_ln692             (store            ) [ 000000]
store_ln692             (store            ) [ 000000]
br_ln693                (br               ) [ 000000]
ret_ln727               (ret              ) [ 000000]
</LifeTime>

<model>

<comp_list>
<comp id="0" class="1000" name="w_strm34">
<pin_list>
<pin id="1" dir="1" index="0" bw="1" slack="0"/>
</pin_list>
<bind>
<StgValue><ssdm name="w_strm34"/></StgValue>
</bind>
</comp>

<comp id="2" class="1000" name="end_nblk_strm233">
<pin_list>
<pin id="3" dir="1" index="0" bw="1" slack="0"/>
</pin_list>
<bind>
<StgValue><ssdm name="end_nblk_strm233"/></StgValue>
</bind>
</comp>

<comp id="4" class="1000" name="tkeep_strm35">
<pin_list>
<pin id="5" dir="1" index="0" bw="1" slack="0"/>
</pin_list>
<bind>
<StgValue><ssdm name="tkeep_strm35"/></StgValue>
</bind>
</comp>

<comp id="6" class="1000" name="tid_strm36">
<pin_list>
<pin id="7" dir="1" index="0" bw="1" slack="0"/>
</pin_list>
<bind>
<StgValue><ssdm name="tid_strm36"/></StgValue>
</bind>
</comp>

<comp id="8" class="1000" name="output_r">
<pin_list>
<pin id="9" dir="1" index="0" bw="1" slack="0"/>
</pin_list>
<bind>
<StgValue><ssdm name="output_r"/></StgValue>
</bind>
</comp>

<comp id="10" class="1001" name="const_10">
<pin_list>
<pin id="11" dir="1" index="0" bw="1" slack="0"/>
</pin_list>
<bind>
<StgValue><ssdm name=""/></StgValue>
</bind>
</comp>

<comp id="12" class="1001" name="const_12">
<pin_list>
<pin id="13" dir="1" index="0" bw="1" slack="0"/>
</pin_list>
<bind>
<StgValue><ssdm name=""/></StgValue>
</bind>
</comp>

<comp id="14" class="1001" name="const_14">
<pin_list>
<pin id="15" dir="1" index="0" bw="1" slack="2147483647"/>
</pin_list>
<bind>
<StgValue><ssdm name="_ssdm_op_SpecMemCore"/></StgValue>
</bind>
</comp>

<comp id="16" class="1001" name="const_16">
<pin_list>
<pin id="17" dir="1" index="0" bw="1" slack="2147483647"/>
</pin_list>
<bind>
<StgValue><ssdm name=""/></StgValue>
</bind>
</comp>

<comp id="18" class="1001" name="const_18">
<pin_list>
<pin id="19" dir="1" index="0" bw="1" slack="2147483647"/>
</pin_list>
<bind>
<StgValue><ssdm name=""/></StgValue>
</bind>
</comp>

<comp id="20" class="1001" name="const_20">
<pin_list>
<pin id="21" dir="1" index="0" bw="1" slack="2147483647"/>
</pin_list>
<bind>
<StgValue><ssdm name=""/></StgValue>
</bind>
</comp>

<comp id="22" class="1001" name="const_22">
<pin_list>
<pin id="23" dir="1" index="0" bw="1" slack="2147483647"/>
</pin_list>
<bind>
<StgValue><ssdm name="_ssdm_op_SpecInterface"/></StgValue>
</bind>
</comp>

<comp id="24" class="1001" name="const_24">
<pin_list>
<pin id="25" dir="1" index="0" bw="1" slack="2147483647"/>
</pin_list>
<bind>
<StgValue><ssdm name="empty_1"/></StgValue>
</bind>
</comp>

<comp id="26" class="1001" name="const_26">
<pin_list>
<pin id="27" dir="1" index="0" bw="1" slack="2147483647"/>
</pin_list>
<bind>
<StgValue><ssdm name=""/></StgValue>
</bind>
</comp>

<comp id="28" class="1001" name="const_28">
<pin_list>
<pin id="29" dir="1" index="0" bw="1" slack="2147483647"/>
</pin_list>
<bind>
<StgValue><ssdm name="empty_6"/></StgValue>
</bind>
</comp>

<comp id="30" class="1001" name="const_30">
<pin_list>
<pin id="31" dir="1" index="0" bw="1" slack="2147483647"/>
</pin_list>
<bind>
<StgValue><ssdm name=""/></StgValue>
</bind>
</comp>

<comp id="32" class="1001" name="const_32">
<pin_list>
<pin id="33" dir="1" index="0" bw="1" slack="2147483647"/>
</pin_list>
<bind>
<StgValue><ssdm name="empty_0"/></StgValue>
</bind>
</comp>

<comp id="34" class="1001" name="const_34">
<pin_list>
<pin id="35" dir="1" index="0" bw="1" slack="2147483647"/>
</pin_list>
<bind>
<StgValue><ssdm name="empty_5"/></StgValue>
</bind>
</comp>

<comp id="36" class="1001" name="const_36">
<pin_list>
<pin id="37" dir="1" index="0" bw="1" slack="0"/>
</pin_list>
<bind>
<StgValue><ssdm name=""/></StgValue>
</bind>
</comp>

<comp id="38" class="1001" name="const_38">
<pin_list>
<pin id="39" dir="1" index="0" bw="1" slack="0"/>
</pin_list>
<bind>
<StgValue><ssdm name=""/></StgValue>
</bind>
</comp>

<comp id="40" class="1001" name="const_40">
<pin_list>
<pin id="41" dir="1" index="0" bw="1" slack="0"/>
</pin_list>
<bind>
<StgValue><ssdm name=""/></StgValue>
</bind>
</comp>

<comp id="42" class="1001" name="const_42">
<pin_list>
<pin id="43" dir="1" index="0" bw="1" slack="0"/>
</pin_list>
<bind>
<StgValue><ssdm name=""/></StgValue>
</bind>
</comp>

<comp id="44" class="1001" name="const_44">
<pin_list>
<pin id="45" dir="1" index="0" bw="1" slack="0"/>
</pin_list>
<bind>
<StgValue><ssdm name=""/></StgValue>
</bind>
</comp>

<comp id="46" class="1001" name="const_46">
<pin_list>
<pin id="47" dir="1" index="0" bw="1" slack="0"/>
</pin_list>
<bind>
<StgValue><ssdm name=""/></StgValue>
</bind>
</comp>

<comp id="48" class="1001" name="const_48">
<pin_list>
<pin id="49" dir="1" index="0" bw="1" slack="0"/>
</pin_list>
<bind>
<StgValue><ssdm name=""/></StgValue>
</bind>
</comp>

<comp id="50" class="1001" name="const_50">
<pin_list>
<pin id="51" dir="1" index="0" bw="1" slack="0"/>
</pin_list>
<bind>
<StgValue><ssdm name=""/></StgValue>
</bind>
</comp>

<comp id="52" class="1001" name="const_52">
<pin_list>
<pin id="53" dir="1" index="0" bw="1" slack="2147483647"/>
</pin_list>
<bind>
<StgValue><ssdm name="_ssdm_op_SpecLoopTripCount"/></StgValue>
</bind>
</comp>

<comp id="54" class="1001" name="const_54">
<pin_list>
<pin id="55" dir="1" index="0" bw="1" slack="2147483647"/>
</pin_list>
<bind>
<StgValue><ssdm name="_ssdm_op_SpecLoopName"/></StgValue>
</bind>
</comp>

<comp id="56" class="1001" name="const_56">
<pin_list>
<pin id="57" dir="1" index="0" bw="1" slack="2147483647"/>
</pin_list>
<bind>
<StgValue><ssdm name="empty_4"/></StgValue>
</bind>
</comp>

<comp id="58" class="1001" name="const_58">
<pin_list>
<pin id="59" dir="1" index="0" bw="1" slack="0"/>
</pin_list>
<bind>
<StgValue><ssdm name="_ssdm_op_Read.ap_fifo.volatile.i1P0A"/></StgValue>
</bind>
</comp>

<comp id="60" class="1001" name="const_60">
<pin_list>
<pin id="61" dir="1" index="0" bw="1" slack="2147483647"/>
</pin_list>
<bind>
<StgValue><ssdm name="_ssdm_op_Wait"/></StgValue>
</bind>
</comp>

<comp id="62" class="1001" name="const_62">
<pin_list>
<pin id="63" dir="1" index="0" bw="1" slack="0"/>
</pin_list>
<bind>
<StgValue><ssdm name="SHA512Digest<64u, 512u>_Pipeline_LOOP_SHA1_UPDATE_80_ROUNDS"/></StgValue>
</bind>
</comp>

<comp id="64" class="1001" name="const_64">
<pin_list>
<pin id="65" dir="1" index="0" bw="1" slack="0"/>
</pin_list>
<bind>
<StgValue><ssdm name="_ssdm_op_Read.ap_fifo.volatile.i64P0A"/></StgValue>
</bind>
</comp>

<comp id="66" class="1001" name="const_66">
<pin_list>
<pin id="67" dir="1" index="0" bw="1" slack="0"/>
</pin_list>
<bind>
<StgValue><ssdm name="_ssdm_op_Read.ap_fifo.volatile.i6P0A"/></StgValue>
</bind>
</comp>

<comp id="68" class="1001" name="const_68">
<pin_list>
<pin id="69" dir="1" index="0" bw="1" slack="0"/>
</pin_list>
<bind>
<StgValue><ssdm name="_ssdm_op_BitConcatenate.i583.i1.i6.i64.i64.i64.i64.i64.i64.i64.i64.i64"/></StgValue>
</bind>
</comp>

<comp id="70" class="1001" name="const_70">
<pin_list>
<pin id="71" dir="1" index="0" bw="1" slack="0"/>
</pin_list>
<bind>
<StgValue><ssdm name=""/></StgValue>
</bind>
</comp>

<comp id="72" class="1001" name="const_72">
<pin_list>
<pin id="73" dir="1" index="0" bw="1" slack="0"/>
</pin_list>
<bind>
<StgValue><ssdm name="_ssdm_op_Write.axis.volatile.i584P128A"/></StgValue>
</bind>
</comp>

<comp id="74" class="1004" name="a_V_fu_74">
<pin_list>
<pin id="75" dir="0" index="0" bw="1" slack="0"/>
<pin id="76" dir="1" index="1" bw="64" slack="0"/>
</pin_list>
<bind>
<opcode="alloca(26) " fcode="alloca"/>
<opset="a_V/1 "/>
</bind>
</comp>

<comp id="78" class="1004" name="b_V_fu_78">
<pin_list>
<pin id="79" dir="0" index="0" bw="1" slack="0"/>
<pin id="80" dir="1" index="1" bw="64" slack="0"/>
</pin_list>
<bind>
<opcode="alloca(26) " fcode="alloca"/>
<opset="b_V/1 "/>
</bind>
</comp>

<comp id="82" class="1004" name="c_V_fu_82">
<pin_list>
<pin id="83" dir="0" index="0" bw="1" slack="0"/>
<pin id="84" dir="1" index="1" bw="64" slack="0"/>
</pin_list>
<bind>
<opcode="alloca(26) " fcode="alloca"/>
<opset="c_V/1 "/>
</bind>
</comp>

<comp id="86" class="1004" name="d_V_fu_86">
<pin_list>
<pin id="87" dir="0" index="0" bw="1" slack="0"/>
<pin id="88" dir="1" index="1" bw="64" slack="0"/>
</pin_list>
<bind>
<opcode="alloca(26) " fcode="alloca"/>
<opset="d_V/1 "/>
</bind>
</comp>

<comp id="90" class="1004" name="e_V_fu_90">
<pin_list>
<pin id="91" dir="0" index="0" bw="1" slack="0"/>
<pin id="92" dir="1" index="1" bw="64" slack="0"/>
</pin_list>
<bind>
<opcode="alloca(26) " fcode="alloca"/>
<opset="e_V/1 "/>
</bind>
</comp>

<comp id="94" class="1004" name="f_V_fu_94">
<pin_list>
<pin id="95" dir="0" index="0" bw="1" slack="0"/>
<pin id="96" dir="1" index="1" bw="64" slack="0"/>
</pin_list>
<bind>
<opcode="alloca(26) " fcode="alloca"/>
<opset="f_V/1 "/>
</bind>
</comp>

<comp id="98" class="1004" name="g_V_fu_98">
<pin_list>
<pin id="99" dir="0" index="0" bw="1" slack="0"/>
<pin id="100" dir="1" index="1" bw="64" slack="0"/>
</pin_list>
<bind>
<opcode="alloca(26) " fcode="alloca"/>
<opset="g_V/1 "/>
</bind>
</comp>

<comp id="102" class="1004" name="h_V_fu_102">
<pin_list>
<pin id="103" dir="0" index="0" bw="1" slack="0"/>
<pin id="104" dir="1" index="1" bw="64" slack="0"/>
</pin_list>
<bind>
<opcode="alloca(26) " fcode="alloca"/>
<opset="h_V/1 "/>
</bind>
</comp>

<comp id="106" class="1004" name="a_V_3_loc_fu_106">
<pin_list>
<pin id="107" dir="0" index="0" bw="1" slack="0"/>
<pin id="108" dir="1" index="1" bw="64" slack="1"/>
</pin_list>
<bind>
<opcode="alloca(26) " fcode="alloca"/>
<opset="a_V_3_loc/1 "/>
</bind>
</comp>

<comp id="110" class="1004" name="b_V_3_loc_fu_110">
<pin_list>
<pin id="111" dir="0" index="0" bw="1" slack="0"/>
<pin id="112" dir="1" index="1" bw="64" slack="1"/>
</pin_list>
<bind>
<opcode="alloca(26) " fcode="alloca"/>
<opset="b_V_3_loc/1 "/>
</bind>
</comp>

<comp id="114" class="1004" name="c_V_3_loc_fu_114">
<pin_list>
<pin id="115" dir="0" index="0" bw="1" slack="0"/>
<pin id="116" dir="1" index="1" bw="64" slack="1"/>
</pin_list>
<bind>
<opcode="alloca(26) " fcode="alloca"/>
<opset="c_V_3_loc/1 "/>
</bind>
</comp>

<comp id="118" class="1004" name="d_V_1_loc_fu_118">
<pin_list>
<pin id="119" dir="0" index="0" bw="1" slack="0"/>
<pin id="120" dir="1" index="1" bw="64" slack="1"/>
</pin_list>
<bind>
<opcode="alloca(26) " fcode="alloca"/>
<opset="d_V_1_loc/1 "/>
</bind>
</comp>

<comp id="122" class="1004" name="e_V_3_loc_fu_122">
<pin_list>
<pin id="123" dir="0" index="0" bw="1" slack="0"/>
<pin id="124" dir="1" index="1" bw="64" slack="1"/>
</pin_list>
<bind>
<opcode="alloca(26) " fcode="alloca"/>
<opset="e_V_3_loc/1 "/>
</bind>
</comp>

<comp id="126" class="1004" name="f_V_3_loc_fu_126">
<pin_list>
<pin id="127" dir="0" index="0" bw="1" slack="0"/>
<pin id="128" dir="1" index="1" bw="64" slack="1"/>
</pin_list>
<bind>
<opcode="alloca(26) " fcode="alloca"/>
<opset="f_V_3_loc/1 "/>
</bind>
</comp>

<comp id="130" class="1004" name="g_V_3_loc_fu_130">
<pin_list>
<pin id="131" dir="0" index="0" bw="1" slack="0"/>
<pin id="132" dir="1" index="1" bw="64" slack="1"/>
</pin_list>
<bind>
<opcode="alloca(26) " fcode="alloca"/>
<opset="g_V_3_loc/1 "/>
</bind>
</comp>

<comp id="134" class="1004" name="h_V_1_loc_fu_134">
<pin_list>
<pin id="135" dir="0" index="0" bw="1" slack="0"/>
<pin id="136" dir="1" index="1" bw="64" slack="1"/>
</pin_list>
<bind>
<opcode="alloca(26) " fcode="alloca"/>
<opset="h_V_1_loc/1 "/>
</bind>
</comp>

<comp id="138" class="1004" name="tmp_read_fu_138">
<pin_list>
<pin id="139" dir="0" index="0" bw="1" slack="0"/>
<pin id="140" dir="0" index="1" bw="1" slack="0"/>
<pin id="141" dir="1" index="2" bw="1" slack="2147483647"/>
</pin_list>
<bind>
<opcode="read(1150) " fcode="read"/>
<opset="tmp/2 "/>
</bind>
</comp>

<comp id="144" class="1004" name="tmp_12_read_fu_144">
<pin_list>
<pin id="145" dir="0" index="0" bw="64" slack="0"/>
<pin id="146" dir="0" index="1" bw="64" slack="0"/>
<pin id="147" dir="1" index="2" bw="64" slack="0"/>
</pin_list>
<bind>
<opcode="read(1150) " fcode="read"/>
<opset="tmp_12/2 "/>
</bind>
</comp>

<comp id="150" class="1004" name="tmp_13_read_fu_150">
<pin_list>
<pin id="151" dir="0" index="0" bw="6" slack="0"/>
<pin id="152" dir="0" index="1" bw="6" slack="0"/>
<pin id="153" dir="1" index="2" bw="6" slack="0"/>
</pin_list>
<bind>
<opcode="read(1150) " fcode="read"/>
<opset="tmp_13/2 "/>
</bind>
</comp>

<comp id="156" class="1004" name="write_ln174_write_fu_156">
<pin_list>
<pin id="157" dir="0" index="0" bw="0" slack="0"/>
<pin id="158" dir="0" index="1" bw="584" slack="0"/>
<pin id="159" dir="0" index="2" bw="583" slack="0"/>
<pin id="160" dir="1" index="3" bw="0" slack="2147483647"/>
</pin_list>
<bind>
<opcode="write(1151) " fcode="write"/>
<opset="write_ln174/2 "/>
</bind>
</comp>

<comp id="163" class="1004" name="grp_SHA512Digest_64u_512u_Pipeline_LOOP_SHA1_UPDATE_80_ROUNDS_fu_163">
<pin_list>
<pin id="164" dir="0" index="0" bw="0" slack="0"/>
<pin id="165" dir="0" index="1" bw="64" slack="0"/>
<pin id="166" dir="0" index="2" bw="64" slack="0"/>
<pin id="167" dir="0" index="3" bw="64" slack="0"/>
<pin id="168" dir="0" index="4" bw="64" slack="0"/>
<pin id="169" dir="0" index="5" bw="64" slack="0"/>
<pin id="170" dir="0" index="6" bw="64" slack="0"/>
<pin id="171" dir="0" index="7" bw="64" slack="0"/>
<pin id="172" dir="0" index="8" bw="64" slack="0"/>
<pin id="173" dir="0" index="9" bw="64" slack="0"/>
<pin id="174" dir="0" index="10" bw="64" slack="1"/>
<pin id="175" dir="0" index="11" bw="64" slack="1"/>
<pin id="176" dir="0" index="12" bw="64" slack="1"/>
<pin id="177" dir="0" index="13" bw="64" slack="1"/>
<pin id="178" dir="0" index="14" bw="64" slack="1"/>
<pin id="179" dir="0" index="15" bw="64" slack="1"/>
<pin id="180" dir="0" index="16" bw="64" slack="1"/>
<pin id="181" dir="0" index="17" bw="64" slack="1"/>
<pin id="182" dir="1" index="18" bw="0" slack="2147483647"/>
</pin_list>
<bind>
<opcode="call(48) " fcode="call"/>
<opset="call_ln232/2 "/>
</bind>
</comp>

<comp id="185" class="1004" name="grp_load_fu_185">
<pin_list>
<pin id="186" dir="0" index="0" bw="64" slack="1"/>
<pin id="187" dir="1" index="1" bw="64" slack="0"/>
</pin_list>
<bind>
<opcode="load(27) " fcode="load"/>
<opset="a_V_load/2 a_V_load_1/2 "/>
</bind>
</comp>

<comp id="189" class="1004" name="grp_load_fu_189">
<pin_list>
<pin id="190" dir="0" index="0" bw="64" slack="1"/>
<pin id="191" dir="1" index="1" bw="64" slack="0"/>
</pin_list>
<bind>
<opcode="load(27) " fcode="load"/>
<opset="b_V_load/2 b_V_load_1/2 "/>
</bind>
</comp>

<comp id="193" class="1004" name="grp_load_fu_193">
<pin_list>
<pin id="194" dir="0" index="0" bw="64" slack="1"/>
<pin id="195" dir="1" index="1" bw="64" slack="0"/>
</pin_list>
<bind>
<opcode="load(27) " fcode="load"/>
<opset="c_V_load/2 c_V_load_1/2 "/>
</bind>
</comp>

<comp id="197" class="1004" name="grp_load_fu_197">
<pin_list>
<pin id="198" dir="0" index="0" bw="64" slack="1"/>
<pin id="199" dir="1" index="1" bw="64" slack="0"/>
</pin_list>
<bind>
<opcode="load(27) " fcode="load"/>
<opset="d_V_load/2 d_V_load_1/2 "/>
</bind>
</comp>

<comp id="201" class="1004" name="grp_load_fu_201">
<pin_list>
<pin id="202" dir="0" index="0" bw="64" slack="1"/>
<pin id="203" dir="1" index="1" bw="64" slack="0"/>
</pin_list>
<bind>
<opcode="load(27) " fcode="load"/>
<opset="e_V_load/2 e_V_load_1/2 "/>
</bind>
</comp>

<comp id="205" class="1004" name="grp_load_fu_205">
<pin_list>
<pin id="206" dir="0" index="0" bw="64" slack="1"/>
<pin id="207" dir="1" index="1" bw="64" slack="0"/>
</pin_list>
<bind>
<opcode="load(27) " fcode="load"/>
<opset="f_V_load/2 f_V_load_1/2 "/>
</bind>
</comp>

<comp id="209" class="1004" name="grp_load_fu_209">
<pin_list>
<pin id="210" dir="0" index="0" bw="64" slack="1"/>
<pin id="211" dir="1" index="1" bw="64" slack="0"/>
</pin_list>
<bind>
<opcode="load(27) " fcode="load"/>
<opset="g_V_load/2 g_V_load_1/2 "/>
</bind>
</comp>

<comp id="213" class="1004" name="grp_load_fu_213">
<pin_list>
<pin id="214" dir="0" index="0" bw="64" slack="1"/>
<pin id="215" dir="1" index="1" bw="64" slack="0"/>
</pin_list>
<bind>
<opcode="load(27) " fcode="load"/>
<opset="h_V_load/2 h_V_load_1/2 "/>
</bind>
</comp>

<comp id="217" class="1004" name="store_ln627_store_fu_217">
<pin_list>
<pin id="218" dir="0" index="0" bw="64" slack="0"/>
<pin id="219" dir="0" index="1" bw="64" slack="0"/>
<pin id="220" dir="1" index="2" bw="0" slack="2147483647"/>
</pin_list>
<bind>
<opcode="store(28) " fcode="store"/>
<opset="store_ln627/1 "/>
</bind>
</comp>

<comp id="222" class="1004" name="store_ln627_store_fu_222">
<pin_list>
<pin id="223" dir="0" index="0" bw="62" slack="0"/>
<pin id="224" dir="0" index="1" bw="64" slack="0"/>
<pin id="225" dir="1" index="2" bw="0" slack="2147483647"/>
</pin_list>
<bind>
<opcode="store(28) " fcode="store"/>
<opset="store_ln627/1 "/>
</bind>
</comp>

<comp id="227" class="1004" name="store_ln627_store_fu_227">
<pin_list>
<pin id="228" dir="0" index="0" bw="64" slack="0"/>
<pin id="229" dir="0" index="1" bw="64" slack="0"/>
<pin id="230" dir="1" index="2" bw="0" slack="2147483647"/>
</pin_list>
<bind>
<opcode="store(28) " fcode="store"/>
<opset="store_ln627/1 "/>
</bind>
</comp>

<comp id="232" class="1004" name="store_ln627_store_fu_232">
<pin_list>
<pin id="233" dir="0" index="0" bw="64" slack="0"/>
<pin id="234" dir="0" index="1" bw="64" slack="0"/>
<pin id="235" dir="1" index="2" bw="0" slack="2147483647"/>
</pin_list>
<bind>
<opcode="store(28) " fcode="store"/>
<opset="store_ln627/1 "/>
</bind>
</comp>

<comp id="237" class="1004" name="store_ln627_store_fu_237">
<pin_list>
<pin id="238" dir="0" index="0" bw="64" slack="0"/>
<pin id="239" dir="0" index="1" bw="64" slack="0"/>
<pin id="240" dir="1" index="2" bw="0" slack="2147483647"/>
</pin_list>
<bind>
<opcode="store(28) " fcode="store"/>
<opset="store_ln627/1 "/>
</bind>
</comp>

<comp id="242" class="1004" name="store_ln627_store_fu_242">
<pin_list>
<pin id="243" dir="0" index="0" bw="63" slack="0"/>
<pin id="244" dir="0" index="1" bw="64" slack="0"/>
<pin id="245" dir="1" index="2" bw="0" slack="2147483647"/>
</pin_list>
<bind>
<opcode="store(28) " fcode="store"/>
<opset="store_ln627/1 "/>
</bind>
</comp>

<comp id="247" class="1004" name="store_ln627_store_fu_247">
<pin_list>
<pin id="248" dir="0" index="0" bw="64" slack="0"/>
<pin id="249" dir="0" index="1" bw="64" slack="0"/>
<pin id="250" dir="1" index="2" bw="0" slack="2147483647"/>
</pin_list>
<bind>
<opcode="store(28) " fcode="store"/>
<opset="store_ln627/1 "/>
</bind>
</comp>

<comp id="252" class="1004" name="store_ln627_store_fu_252">
<pin_list>
<pin id="253" dir="0" index="0" bw="64" slack="0"/>
<pin id="254" dir="0" index="1" bw="64" slack="0"/>
<pin id="255" dir="1" index="2" bw="0" slack="2147483647"/>
</pin_list>
<bind>
<opcode="store(28) " fcode="store"/>
<opset="store_ln627/1 "/>
</bind>
</comp>

<comp id="257" class="1004" name="zext_ln174_cast_fu_257">
<pin_list>
<pin id="258" dir="0" index="0" bw="583" slack="0"/>
<pin id="259" dir="0" index="1" bw="1" slack="0"/>
<pin id="260" dir="0" index="2" bw="6" slack="0"/>
<pin id="261" dir="0" index="3" bw="64" slack="0"/>
<pin id="262" dir="0" index="4" bw="64" slack="0"/>
<pin id="263" dir="0" index="5" bw="64" slack="0"/>
<pin id="264" dir="0" index="6" bw="64" slack="0"/>
<pin id="265" dir="0" index="7" bw="64" slack="0"/>
<pin id="266" dir="0" index="8" bw="64" slack="0"/>
<pin id="267" dir="0" index="9" bw="64" slack="0"/>
<pin id="268" dir="0" index="10" bw="64" slack="0"/>
<pin id="269" dir="0" index="11" bw="64" slack="0"/>
<pin id="270" dir="1" index="12" bw="583" slack="0"/>
</pin_list>
<bind>
<opcode="bitconcatenate(1004) " fcode="bitconcatenate"/>
<opset="zext_ln174_cast/2 "/>
</bind>
</comp>

<comp id="283" class="1004" name="zext_ln174_fu_283">
<pin_list>
<pin id="284" dir="0" index="0" bw="583" slack="0"/>
<pin id="285" dir="1" index="1" bw="584" slack="0"/>
</pin_list>
<bind>
<opcode="zext(34) " fcode="zext"/>
<opset="zext_ln174/2 "/>
</bind>
</comp>

<comp id="288" class="1004" name="h_V_1_loc_load_load_fu_288">
<pin_list>
<pin id="289" dir="0" index="0" bw="64" slack="3"/>
<pin id="290" dir="1" index="1" bw="64" slack="0"/>
</pin_list>
<bind>
<opcode="load(27) " fcode="load"/>
<opset="h_V_1_loc_load/4 "/>
</bind>
</comp>

<comp id="291" class="1004" name="g_V_3_loc_load_load_fu_291">
<pin_list>
<pin id="292" dir="0" index="0" bw="64" slack="3"/>
<pin id="293" dir="1" index="1" bw="64" slack="0"/>
</pin_list>
<bind>
<opcode="load(27) " fcode="load"/>
<opset="g_V_3_loc_load/4 "/>
</bind>
</comp>

<comp id="294" class="1004" name="f_V_3_loc_load_load_fu_294">
<pin_list>
<pin id="295" dir="0" index="0" bw="64" slack="3"/>
<pin id="296" dir="1" index="1" bw="64" slack="0"/>
</pin_list>
<bind>
<opcode="load(27) " fcode="load"/>
<opset="f_V_3_loc_load/4 "/>
</bind>
</comp>

<comp id="297" class="1004" name="e_V_3_loc_load_load_fu_297">
<pin_list>
<pin id="298" dir="0" index="0" bw="64" slack="3"/>
<pin id="299" dir="1" index="1" bw="64" slack="0"/>
</pin_list>
<bind>
<opcode="load(27) " fcode="load"/>
<opset="e_V_3_loc_load/4 "/>
</bind>
</comp>

<comp id="300" class="1004" name="d_V_1_loc_load_load_fu_300">
<pin_list>
<pin id="301" dir="0" index="0" bw="64" slack="3"/>
<pin id="302" dir="1" index="1" bw="64" slack="0"/>
</pin_list>
<bind>
<opcode="load(27) " fcode="load"/>
<opset="d_V_1_loc_load/4 "/>
</bind>
</comp>

<comp id="303" class="1004" name="c_V_3_loc_load_load_fu_303">
<pin_list>
<pin id="304" dir="0" index="0" bw="64" slack="3"/>
<pin id="305" dir="1" index="1" bw="64" slack="0"/>
</pin_list>
<bind>
<opcode="load(27) " fcode="load"/>
<opset="c_V_3_loc_load/4 "/>
</bind>
</comp>

<comp id="306" class="1004" name="b_V_3_loc_load_load_fu_306">
<pin_list>
<pin id="307" dir="0" index="0" bw="64" slack="3"/>
<pin id="308" dir="1" index="1" bw="64" slack="0"/>
</pin_list>
<bind>
<opcode="load(27) " fcode="load"/>
<opset="b_V_3_loc_load/4 "/>
</bind>
</comp>

<comp id="309" class="1004" name="a_V_3_loc_load_load_fu_309">
<pin_list>
<pin id="310" dir="0" index="0" bw="64" slack="3"/>
<pin id="311" dir="1" index="1" bw="64" slack="0"/>
</pin_list>
<bind>
<opcode="load(27) " fcode="load"/>
<opset="a_V_3_loc_load/4 "/>
</bind>
</comp>

<comp id="312" class="1004" name="add_ln232_fu_312">
<pin_list>
<pin id="313" dir="0" index="0" bw="64" slack="0"/>
<pin id="314" dir="0" index="1" bw="64" slack="2"/>
<pin id="315" dir="1" index="2" bw="64" slack="0"/>
</pin_list>
<bind>
<opcode="add(8) " fcode="add"/>
<opset="add_ln232/4 "/>
</bind>
</comp>

<comp id="317" class="1004" name="add_ln232_3_fu_317">
<pin_list>
<pin id="318" dir="0" index="0" bw="64" slack="0"/>
<pin id="319" dir="0" index="1" bw="64" slack="2"/>
<pin id="320" dir="1" index="2" bw="64" slack="0"/>
</pin_list>
<bind>
<opcode="add(8) " fcode="add"/>
<opset="add_ln232_3/4 "/>
</bind>
</comp>

<comp id="322" class="1004" name="add_ln232_4_fu_322">
<pin_list>
<pin id="323" dir="0" index="0" bw="64" slack="0"/>
<pin id="324" dir="0" index="1" bw="64" slack="2"/>
<pin id="325" dir="1" index="2" bw="64" slack="0"/>
</pin_list>
<bind>
<opcode="add(8) " fcode="add"/>
<opset="add_ln232_4/4 "/>
</bind>
</comp>

<comp id="327" class="1004" name="add_ln232_5_fu_327">
<pin_list>
<pin id="328" dir="0" index="0" bw="64" slack="0"/>
<pin id="329" dir="0" index="1" bw="64" slack="2"/>
<pin id="330" dir="1" index="2" bw="64" slack="0"/>
</pin_list>
<bind>
<opcode="add(8) " fcode="add"/>
<opset="add_ln232_5/4 "/>
</bind>
</comp>

<comp id="332" class="1004" name="add_ln232_6_fu_332">
<pin_list>
<pin id="333" dir="0" index="0" bw="64" slack="0"/>
<pin id="334" dir="0" index="1" bw="64" slack="2"/>
<pin id="335" dir="1" index="2" bw="64" slack="0"/>
</pin_list>
<bind>
<opcode="add(8) " fcode="add"/>
<opset="add_ln232_6/4 "/>
</bind>
</comp>

<comp id="337" class="1004" name="add_ln232_7_fu_337">
<pin_list>
<pin id="338" dir="0" index="0" bw="64" slack="0"/>
<pin id="339" dir="0" index="1" bw="64" slack="2"/>
<pin id="340" dir="1" index="2" bw="64" slack="0"/>
</pin_list>
<bind>
<opcode="add(8) " fcode="add"/>
<opset="add_ln232_7/4 "/>
</bind>
</comp>

<comp id="342" class="1004" name="add_ln232_8_fu_342">
<pin_list>
<pin id="343" dir="0" index="0" bw="64" slack="0"/>
<pin id="344" dir="0" index="1" bw="64" slack="2"/>
<pin id="345" dir="1" index="2" bw="64" slack="0"/>
</pin_list>
<bind>
<opcode="add(8) " fcode="add"/>
<opset="add_ln232_8/4 "/>
</bind>
</comp>

<comp id="347" class="1004" name="add_ln232_9_fu_347">
<pin_list>
<pin id="348" dir="0" index="0" bw="64" slack="0"/>
<pin id="349" dir="0" index="1" bw="64" slack="2"/>
<pin id="350" dir="1" index="2" bw="64" slack="0"/>
</pin_list>
<bind>
<opcode="add(8) " fcode="add"/>
<opset="add_ln232_9/4 "/>
</bind>
</comp>

<comp id="352" class="1004" name="store_ln692_store_fu_352">
<pin_list>
<pin id="353" dir="0" index="0" bw="64" slack="0"/>
<pin id="354" dir="0" index="1" bw="64" slack="3"/>
<pin id="355" dir="1" index="2" bw="0" slack="2147483647"/>
</pin_list>
<bind>
<opcode="store(28) " fcode="store"/>
<opset="store_ln692/4 "/>
</bind>
</comp>

<comp id="357" class="1004" name="store_ln692_store_fu_357">
<pin_list>
<pin id="358" dir="0" index="0" bw="64" slack="0"/>
<pin id="359" dir="0" index="1" bw="64" slack="3"/>
<pin id="360" dir="1" index="2" bw="0" slack="2147483647"/>
</pin_list>
<bind>
<opcode="store(28) " fcode="store"/>
<opset="store_ln692/4 "/>
</bind>
</comp>

<comp id="362" class="1004" name="store_ln692_store_fu_362">
<pin_list>
<pin id="363" dir="0" index="0" bw="64" slack="0"/>
<pin id="364" dir="0" index="1" bw="64" slack="3"/>
<pin id="365" dir="1" index="2" bw="0" slack="2147483647"/>
</pin_list>
<bind>
<opcode="store(28) " fcode="store"/>
<opset="store_ln692/4 "/>
</bind>
</comp>

<comp id="367" class="1004" name="store_ln692_store_fu_367">
<pin_list>
<pin id="368" dir="0" index="0" bw="64" slack="0"/>
<pin id="369" dir="0" index="1" bw="64" slack="3"/>
<pin id="370" dir="1" index="2" bw="0" slack="2147483647"/>
</pin_list>
<bind>
<opcode="store(28) " fcode="store"/>
<opset="store_ln692/4 "/>
</bind>
</comp>

<comp id="372" class="1004" name="store_ln692_store_fu_372">
<pin_list>
<pin id="373" dir="0" index="0" bw="64" slack="0"/>
<pin id="374" dir="0" index="1" bw="64" slack="3"/>
<pin id="375" dir="1" index="2" bw="0" slack="2147483647"/>
</pin_list>
<bind>
<opcode="store(28) " fcode="store"/>
<opset="store_ln692/4 "/>
</bind>
</comp>

<comp id="377" class="1004" name="store_ln692_store_fu_377">
<pin_list>
<pin id="378" dir="0" index="0" bw="64" slack="0"/>
<pin id="379" dir="0" index="1" bw="64" slack="3"/>
<pin id="380" dir="1" index="2" bw="0" slack="2147483647"/>
</pin_list>
<bind>
<opcode="store(28) " fcode="store"/>
<opset="store_ln692/4 "/>
</bind>
</comp>

<comp id="382" class="1004" name="store_ln692_store_fu_382">
<pin_list>
<pin id="383" dir="0" index="0" bw="64" slack="0"/>
<pin id="384" dir="0" index="1" bw="64" slack="3"/>
<pin id="385" dir="1" index="2" bw="0" slack="2147483647"/>
</pin_list>
<bind>
<opcode="store(28) " fcode="store"/>
<opset="store_ln692/4 "/>
</bind>
</comp>

<comp id="387" class="1004" name="store_ln692_store_fu_387">
<pin_list>
<pin id="388" dir="0" index="0" bw="64" slack="0"/>
<pin id="389" dir="0" index="1" bw="64" slack="3"/>
<pin id="390" dir="1" index="2" bw="0" slack="2147483647"/>
</pin_list>
<bind>
<opcode="store(28) " fcode="store"/>
<opset="store_ln692/4 "/>
</bind>
</comp>

<comp id="392" class="1005" name="a_V_reg_392">
<pin_list>
<pin id="393" dir="0" index="0" bw="64" slack="0"/>
<pin id="394" dir="1" index="1" bw="64" slack="0"/>
</pin_list>
<bind>
<opset="a_V "/>
</bind>
</comp>

<comp id="399" class="1005" name="b_V_reg_399">
<pin_list>
<pin id="400" dir="0" index="0" bw="64" slack="0"/>
<pin id="401" dir="1" index="1" bw="64" slack="0"/>
</pin_list>
<bind>
<opset="b_V "/>
</bind>
</comp>

<comp id="406" class="1005" name="c_V_reg_406">
<pin_list>
<pin id="407" dir="0" index="0" bw="64" slack="0"/>
<pin id="408" dir="1" index="1" bw="64" slack="0"/>
</pin_list>
<bind>
<opset="c_V "/>
</bind>
</comp>

<comp id="413" class="1005" name="d_V_reg_413">
<pin_list>
<pin id="414" dir="0" index="0" bw="64" slack="0"/>
<pin id="415" dir="1" index="1" bw="64" slack="0"/>
</pin_list>
<bind>
<opset="d_V "/>
</bind>
</comp>

<comp id="420" class="1005" name="e_V_reg_420">
<pin_list>
<pin id="421" dir="0" index="0" bw="64" slack="0"/>
<pin id="422" dir="1" index="1" bw="64" slack="0"/>
</pin_list>
<bind>
<opset="e_V "/>
</bind>
</comp>

<comp id="427" class="1005" name="f_V_reg_427">
<pin_list>
<pin id="428" dir="0" index="0" bw="64" slack="0"/>
<pin id="429" dir="1" index="1" bw="64" slack="0"/>
</pin_list>
<bind>
<opset="f_V "/>
</bind>
</comp>

<comp id="434" class="1005" name="g_V_reg_434">
<pin_list>
<pin id="435" dir="0" index="0" bw="64" slack="0"/>
<pin id="436" dir="1" index="1" bw="64" slack="0"/>
</pin_list>
<bind>
<opset="g_V "/>
</bind>
</comp>

<comp id="441" class="1005" name="h_V_reg_441">
<pin_list>
<pin id="442" dir="0" index="0" bw="64" slack="0"/>
<pin id="443" dir="1" index="1" bw="64" slack="0"/>
</pin_list>
<bind>
<opset="h_V "/>
</bind>
</comp>

<comp id="448" class="1005" name="a_V_3_loc_reg_448">
<pin_list>
<pin id="449" dir="0" index="0" bw="64" slack="1"/>
<pin id="450" dir="1" index="1" bw="64" slack="1"/>
</pin_list>
<bind>
<opset="a_V_3_loc "/>
</bind>
</comp>

<comp id="454" class="1005" name="b_V_3_loc_reg_454">
<pin_list>
<pin id="455" dir="0" index="0" bw="64" slack="1"/>
<pin id="456" dir="1" index="1" bw="64" slack="1"/>
</pin_list>
<bind>
<opset="b_V_3_loc "/>
</bind>
</comp>

<comp id="460" class="1005" name="c_V_3_loc_reg_460">
<pin_list>
<pin id="461" dir="0" index="0" bw="64" slack="1"/>
<pin id="462" dir="1" index="1" bw="64" slack="1"/>
</pin_list>
<bind>
<opset="c_V_3_loc "/>
</bind>
</comp>

<comp id="466" class="1005" name="d_V_1_loc_reg_466">
<pin_list>
<pin id="467" dir="0" index="0" bw="64" slack="1"/>
<pin id="468" dir="1" index="1" bw="64" slack="1"/>
</pin_list>
<bind>
<opset="d_V_1_loc "/>
</bind>
</comp>

<comp id="472" class="1005" name="e_V_3_loc_reg_472">
<pin_list>
<pin id="473" dir="0" index="0" bw="64" slack="1"/>
<pin id="474" dir="1" index="1" bw="64" slack="1"/>
</pin_list>
<bind>
<opset="e_V_3_loc "/>
</bind>
</comp>

<comp id="478" class="1005" name="f_V_3_loc_reg_478">
<pin_list>
<pin id="479" dir="0" index="0" bw="64" slack="1"/>
<pin id="480" dir="1" index="1" bw="64" slack="1"/>
</pin_list>
<bind>
<opset="f_V_3_loc "/>
</bind>
</comp>

<comp id="484" class="1005" name="g_V_3_loc_reg_484">
<pin_list>
<pin id="485" dir="0" index="0" bw="64" slack="1"/>
<pin id="486" dir="1" index="1" bw="64" slack="1"/>
</pin_list>
<bind>
<opset="g_V_3_loc "/>
</bind>
</comp>

<comp id="490" class="1005" name="h_V_1_loc_reg_490">
<pin_list>
<pin id="491" dir="0" index="0" bw="64" slack="1"/>
<pin id="492" dir="1" index="1" bw="64" slack="1"/>
</pin_list>
<bind>
<opset="h_V_1_loc "/>
</bind>
</comp>

<comp id="499" class="1005" name="a_V_load_reg_499">
<pin_list>
<pin id="500" dir="0" index="0" bw="64" slack="1"/>
<pin id="501" dir="1" index="1" bw="64" slack="1"/>
</pin_list>
<bind>
<opset="a_V_load "/>
</bind>
</comp>

<comp id="505" class="1005" name="b_V_load_reg_505">
<pin_list>
<pin id="506" dir="0" index="0" bw="64" slack="1"/>
<pin id="507" dir="1" index="1" bw="64" slack="1"/>
</pin_list>
<bind>
<opset="b_V_load "/>
</bind>
</comp>

<comp id="511" class="1005" name="c_V_load_reg_511">
<pin_list>
<pin id="512" dir="0" index="0" bw="64" slack="1"/>
<pin id="513" dir="1" index="1" bw="64" slack="1"/>
</pin_list>
<bind>
<opset="c_V_load "/>
</bind>
</comp>

<comp id="517" class="1005" name="d_V_load_reg_517">
<pin_list>
<pin id="518" dir="0" index="0" bw="64" slack="1"/>
<pin id="519" dir="1" index="1" bw="64" slack="1"/>
</pin_list>
<bind>
<opset="d_V_load "/>
</bind>
</comp>

<comp id="523" class="1005" name="e_V_load_reg_523">
<pin_list>
<pin id="524" dir="0" index="0" bw="64" slack="1"/>
<pin id="525" dir="1" index="1" bw="64" slack="1"/>
</pin_list>
<bind>
<opset="e_V_load "/>
</bind>
</comp>

<comp id="529" class="1005" name="f_V_load_reg_529">
<pin_list>
<pin id="530" dir="0" index="0" bw="64" slack="1"/>
<pin id="531" dir="1" index="1" bw="64" slack="1"/>
</pin_list>
<bind>
<opset="f_V_load "/>
</bind>
</comp>

<comp id="535" class="1005" name="g_V_load_reg_535">
<pin_list>
<pin id="536" dir="0" index="0" bw="64" slack="1"/>
<pin id="537" dir="1" index="1" bw="64" slack="1"/>
</pin_list>
<bind>
<opset="g_V_load "/>
</bind>
</comp>

<comp id="541" class="1005" name="h_V_load_reg_541">
<pin_list>
<pin id="542" dir="0" index="0" bw="64" slack="1"/>
<pin id="543" dir="1" index="1" bw="64" slack="1"/>
</pin_list>
<bind>
<opset="h_V_load "/>
</bind>
</comp>

</comp_list>

<net_list>
<net id="77"><net_src comp="10" pin="0"/><net_sink comp="74" pin=0"/></net>

<net id="81"><net_src comp="10" pin="0"/><net_sink comp="78" pin=0"/></net>

<net id="85"><net_src comp="10" pin="0"/><net_sink comp="82" pin=0"/></net>

<net id="89"><net_src comp="10" pin="0"/><net_sink comp="86" pin=0"/></net>

<net id="93"><net_src comp="10" pin="0"/><net_sink comp="90" pin=0"/></net>

<net id="97"><net_src comp="10" pin="0"/><net_sink comp="94" pin=0"/></net>

<net id="101"><net_src comp="10" pin="0"/><net_sink comp="98" pin=0"/></net>

<net id="105"><net_src comp="10" pin="0"/><net_sink comp="102" pin=0"/></net>

<net id="109"><net_src comp="12" pin="0"/><net_sink comp="106" pin=0"/></net>

<net id="113"><net_src comp="12" pin="0"/><net_sink comp="110" pin=0"/></net>

<net id="117"><net_src comp="12" pin="0"/><net_sink comp="114" pin=0"/></net>

<net id="121"><net_src comp="12" pin="0"/><net_sink comp="118" pin=0"/></net>

<net id="125"><net_src comp="12" pin="0"/><net_sink comp="122" pin=0"/></net>

<net id="129"><net_src comp="12" pin="0"/><net_sink comp="126" pin=0"/></net>

<net id="133"><net_src comp="12" pin="0"/><net_sink comp="130" pin=0"/></net>

<net id="137"><net_src comp="12" pin="0"/><net_sink comp="134" pin=0"/></net>

<net id="142"><net_src comp="58" pin="0"/><net_sink comp="138" pin=0"/></net>

<net id="143"><net_src comp="2" pin="0"/><net_sink comp="138" pin=1"/></net>

<net id="148"><net_src comp="64" pin="0"/><net_sink comp="144" pin=0"/></net>

<net id="149"><net_src comp="4" pin="0"/><net_sink comp="144" pin=1"/></net>

<net id="154"><net_src comp="66" pin="0"/><net_sink comp="150" pin=0"/></net>

<net id="155"><net_src comp="6" pin="0"/><net_sink comp="150" pin=1"/></net>

<net id="161"><net_src comp="72" pin="0"/><net_sink comp="156" pin=0"/></net>

<net id="162"><net_src comp="8" pin="0"/><net_sink comp="156" pin=1"/></net>

<net id="183"><net_src comp="62" pin="0"/><net_sink comp="163" pin=0"/></net>

<net id="184"><net_src comp="0" pin="0"/><net_sink comp="163" pin=9"/></net>

<net id="188"><net_src comp="185" pin="1"/><net_sink comp="163" pin=8"/></net>

<net id="192"><net_src comp="189" pin="1"/><net_sink comp="163" pin=7"/></net>

<net id="196"><net_src comp="193" pin="1"/><net_sink comp="163" pin=6"/></net>

<net id="200"><net_src comp="197" pin="1"/><net_sink comp="163" pin=5"/></net>

<net id="204"><net_src comp="201" pin="1"/><net_sink comp="163" pin=4"/></net>

<net id="208"><net_src comp="205" pin="1"/><net_sink comp="163" pin=3"/></net>

<net id="212"><net_src comp="209" pin="1"/><net_sink comp="163" pin=2"/></net>

<net id="216"><net_src comp="213" pin="1"/><net_sink comp="163" pin=1"/></net>

<net id="221"><net_src comp="36" pin="0"/><net_sink comp="217" pin=0"/></net>

<net id="226"><net_src comp="38" pin="0"/><net_sink comp="222" pin=0"/></net>

<net id="231"><net_src comp="40" pin="0"/><net_sink comp="227" pin=0"/></net>

<net id="236"><net_src comp="42" pin="0"/><net_sink comp="232" pin=0"/></net>

<net id="241"><net_src comp="44" pin="0"/><net_sink comp="237" pin=0"/></net>

<net id="246"><net_src comp="46" pin="0"/><net_sink comp="242" pin=0"/></net>

<net id="251"><net_src comp="48" pin="0"/><net_sink comp="247" pin=0"/></net>

<net id="256"><net_src comp="50" pin="0"/><net_sink comp="252" pin=0"/></net>

<net id="271"><net_src comp="68" pin="0"/><net_sink comp="257" pin=0"/></net>

<net id="272"><net_src comp="70" pin="0"/><net_sink comp="257" pin=1"/></net>

<net id="273"><net_src comp="150" pin="2"/><net_sink comp="257" pin=2"/></net>

<net id="274"><net_src comp="144" pin="2"/><net_sink comp="257" pin=3"/></net>

<net id="275"><net_src comp="185" pin="1"/><net_sink comp="257" pin=4"/></net>

<net id="276"><net_src comp="189" pin="1"/><net_sink comp="257" pin=5"/></net>

<net id="277"><net_src comp="193" pin="1"/><net_sink comp="257" pin=6"/></net>

<net id="278"><net_src comp="197" pin="1"/><net_sink comp="257" pin=7"/></net>

<net id="279"><net_src comp="201" pin="1"/><net_sink comp="257" pin=8"/></net>

<net id="280"><net_src comp="205" pin="1"/><net_sink comp="257" pin=9"/></net>

<net id="281"><net_src comp="209" pin="1"/><net_sink comp="257" pin=10"/></net>

<net id="282"><net_src comp="213" pin="1"/><net_sink comp="257" pin=11"/></net>

<net id="286"><net_src comp="257" pin="12"/><net_sink comp="283" pin=0"/></net>

<net id="287"><net_src comp="283" pin="1"/><net_sink comp="156" pin=2"/></net>

<net id="316"><net_src comp="309" pin="1"/><net_sink comp="312" pin=0"/></net>

<net id="321"><net_src comp="306" pin="1"/><net_sink comp="317" pin=0"/></net>

<net id="326"><net_src comp="303" pin="1"/><net_sink comp="322" pin=0"/></net>

<net id="331"><net_src comp="300" pin="1"/><net_sink comp="327" pin=0"/></net>

<net id="336"><net_src comp="297" pin="1"/><net_sink comp="332" pin=0"/></net>

<net id="341"><net_src comp="294" pin="1"/><net_sink comp="337" pin=0"/></net>

<net id="346"><net_src comp="291" pin="1"/><net_sink comp="342" pin=0"/></net>

<net id="351"><net_src comp="288" pin="1"/><net_sink comp="347" pin=0"/></net>

<net id="356"><net_src comp="347" pin="2"/><net_sink comp="352" pin=0"/></net>

<net id="361"><net_src comp="342" pin="2"/><net_sink comp="357" pin=0"/></net>

<net id="366"><net_src comp="337" pin="2"/><net_sink comp="362" pin=0"/></net>

<net id="371"><net_src comp="332" pin="2"/><net_sink comp="367" pin=0"/></net>

<net id="376"><net_src comp="327" pin="2"/><net_sink comp="372" pin=0"/></net>

<net id="381"><net_src comp="322" pin="2"/><net_sink comp="377" pin=0"/></net>

<net id="386"><net_src comp="317" pin="2"/><net_sink comp="382" pin=0"/></net>

<net id="391"><net_src comp="312" pin="2"/><net_sink comp="387" pin=0"/></net>

<net id="395"><net_src comp="74" pin="1"/><net_sink comp="392" pin=0"/></net>

<net id="396"><net_src comp="392" pin="1"/><net_sink comp="252" pin=1"/></net>

<net id="397"><net_src comp="392" pin="1"/><net_sink comp="185" pin=0"/></net>

<net id="398"><net_src comp="392" pin="1"/><net_sink comp="387" pin=1"/></net>

<net id="402"><net_src comp="78" pin="1"/><net_sink comp="399" pin=0"/></net>

<net id="403"><net_src comp="399" pin="1"/><net_sink comp="247" pin=1"/></net>

<net id="404"><net_src comp="399" pin="1"/><net_sink comp="189" pin=0"/></net>

<net id="405"><net_src comp="399" pin="1"/><net_sink comp="382" pin=1"/></net>

<net id="409"><net_src comp="82" pin="1"/><net_sink comp="406" pin=0"/></net>

<net id="410"><net_src comp="406" pin="1"/><net_sink comp="242" pin=1"/></net>

<net id="411"><net_src comp="406" pin="1"/><net_sink comp="193" pin=0"/></net>

<net id="412"><net_src comp="406" pin="1"/><net_sink comp="377" pin=1"/></net>

<net id="416"><net_src comp="86" pin="1"/><net_sink comp="413" pin=0"/></net>

<net id="417"><net_src comp="413" pin="1"/><net_sink comp="237" pin=1"/></net>

<net id="418"><net_src comp="413" pin="1"/><net_sink comp="197" pin=0"/></net>

<net id="419"><net_src comp="413" pin="1"/><net_sink comp="372" pin=1"/></net>

<net id="423"><net_src comp="90" pin="1"/><net_sink comp="420" pin=0"/></net>

<net id="424"><net_src comp="420" pin="1"/><net_sink comp="232" pin=1"/></net>

<net id="425"><net_src comp="420" pin="1"/><net_sink comp="201" pin=0"/></net>

<net id="426"><net_src comp="420" pin="1"/><net_sink comp="367" pin=1"/></net>

<net id="430"><net_src comp="94" pin="1"/><net_sink comp="427" pin=0"/></net>

<net id="431"><net_src comp="427" pin="1"/><net_sink comp="227" pin=1"/></net>

<net id="432"><net_src comp="427" pin="1"/><net_sink comp="205" pin=0"/></net>

<net id="433"><net_src comp="427" pin="1"/><net_sink comp="362" pin=1"/></net>

<net id="437"><net_src comp="98" pin="1"/><net_sink comp="434" pin=0"/></net>

<net id="438"><net_src comp="434" pin="1"/><net_sink comp="222" pin=1"/></net>

<net id="439"><net_src comp="434" pin="1"/><net_sink comp="209" pin=0"/></net>

<net id="440"><net_src comp="434" pin="1"/><net_sink comp="357" pin=1"/></net>

<net id="444"><net_src comp="102" pin="1"/><net_sink comp="441" pin=0"/></net>

<net id="445"><net_src comp="441" pin="1"/><net_sink comp="217" pin=1"/></net>

<net id="446"><net_src comp="441" pin="1"/><net_sink comp="213" pin=0"/></net>

<net id="447"><net_src comp="441" pin="1"/><net_sink comp="352" pin=1"/></net>

<net id="451"><net_src comp="106" pin="1"/><net_sink comp="448" pin=0"/></net>

<net id="452"><net_src comp="448" pin="1"/><net_sink comp="163" pin=17"/></net>

<net id="453"><net_src comp="448" pin="1"/><net_sink comp="309" pin=0"/></net>

<net id="457"><net_src comp="110" pin="1"/><net_sink comp="454" pin=0"/></net>

<net id="458"><net_src comp="454" pin="1"/><net_sink comp="163" pin=16"/></net>

<net id="459"><net_src comp="454" pin="1"/><net_sink comp="306" pin=0"/></net>

<net id="463"><net_src comp="114" pin="1"/><net_sink comp="460" pin=0"/></net>

<net id="464"><net_src comp="460" pin="1"/><net_sink comp="163" pin=15"/></net>

<net id="465"><net_src comp="460" pin="1"/><net_sink comp="303" pin=0"/></net>

<net id="469"><net_src comp="118" pin="1"/><net_sink comp="466" pin=0"/></net>

<net id="470"><net_src comp="466" pin="1"/><net_sink comp="163" pin=14"/></net>

<net id="471"><net_src comp="466" pin="1"/><net_sink comp="300" pin=0"/></net>

<net id="475"><net_src comp="122" pin="1"/><net_sink comp="472" pin=0"/></net>

<net id="476"><net_src comp="472" pin="1"/><net_sink comp="163" pin=13"/></net>

<net id="477"><net_src comp="472" pin="1"/><net_sink comp="297" pin=0"/></net>

<net id="481"><net_src comp="126" pin="1"/><net_sink comp="478" pin=0"/></net>

<net id="482"><net_src comp="478" pin="1"/><net_sink comp="163" pin=12"/></net>

<net id="483"><net_src comp="478" pin="1"/><net_sink comp="294" pin=0"/></net>

<net id="487"><net_src comp="130" pin="1"/><net_sink comp="484" pin=0"/></net>

<net id="488"><net_src comp="484" pin="1"/><net_sink comp="163" pin=11"/></net>

<net id="489"><net_src comp="484" pin="1"/><net_sink comp="291" pin=0"/></net>

<net id="493"><net_src comp="134" pin="1"/><net_sink comp="490" pin=0"/></net>

<net id="494"><net_src comp="490" pin="1"/><net_sink comp="163" pin=10"/></net>

<net id="495"><net_src comp="490" pin="1"/><net_sink comp="288" pin=0"/></net>

<net id="502"><net_src comp="185" pin="1"/><net_sink comp="499" pin=0"/></net>

<net id="503"><net_src comp="499" pin="1"/><net_sink comp="163" pin=8"/></net>

<net id="504"><net_src comp="499" pin="1"/><net_sink comp="312" pin=1"/></net>

<net id="508"><net_src comp="189" pin="1"/><net_sink comp="505" pin=0"/></net>

<net id="509"><net_src comp="505" pin="1"/><net_sink comp="163" pin=7"/></net>

<net id="510"><net_src comp="505" pin="1"/><net_sink comp="317" pin=1"/></net>

<net id="514"><net_src comp="193" pin="1"/><net_sink comp="511" pin=0"/></net>

<net id="515"><net_src comp="511" pin="1"/><net_sink comp="163" pin=6"/></net>

<net id="516"><net_src comp="511" pin="1"/><net_sink comp="322" pin=1"/></net>

<net id="520"><net_src comp="197" pin="1"/><net_sink comp="517" pin=0"/></net>

<net id="521"><net_src comp="517" pin="1"/><net_sink comp="163" pin=5"/></net>

<net id="522"><net_src comp="517" pin="1"/><net_sink comp="327" pin=1"/></net>

<net id="526"><net_src comp="201" pin="1"/><net_sink comp="523" pin=0"/></net>

<net id="527"><net_src comp="523" pin="1"/><net_sink comp="163" pin=4"/></net>

<net id="528"><net_src comp="523" pin="1"/><net_sink comp="332" pin=1"/></net>

<net id="532"><net_src comp="205" pin="1"/><net_sink comp="529" pin=0"/></net>

<net id="533"><net_src comp="529" pin="1"/><net_sink comp="163" pin=3"/></net>

<net id="534"><net_src comp="529" pin="1"/><net_sink comp="337" pin=1"/></net>

<net id="538"><net_src comp="209" pin="1"/><net_sink comp="535" pin=0"/></net>

<net id="539"><net_src comp="535" pin="1"/><net_sink comp="163" pin=2"/></net>

<net id="540"><net_src comp="535" pin="1"/><net_sink comp="342" pin=1"/></net>

<net id="544"><net_src comp="213" pin="1"/><net_sink comp="541" pin=0"/></net>

<net id="545"><net_src comp="541" pin="1"/><net_sink comp="163" pin=1"/></net>

<net id="546"><net_src comp="541" pin="1"/><net_sink comp="347" pin=1"/></net>

</net_list>

</model> 
---------------- Datapath Model END ------------------

* FSMD analyzer results:
  - Output states:
	Port: output_r | {2 }
 - Input state : 
	Port: SHA512Digest<64u, 512u> : w_strm34 | {2 3 }
	Port: SHA512Digest<64u, 512u> : end_nblk_strm233 | {2 }
	Port: SHA512Digest<64u, 512u> : tkeep_strm35 | {2 }
	Port: SHA512Digest<64u, 512u> : tid_strm36 | {2 }
  - Chain level:
	State 1
		store_ln627 : 1
		store_ln627 : 1
		store_ln627 : 1
		store_ln627 : 1
		store_ln627 : 1
		store_ln627 : 1
		store_ln627 : 1
		store_ln627 : 1
	State 2
		call_ln232 : 1
		zext_ln174 : 1
		write_ln174 : 2
	State 3
	State 4
		add_ln232 : 1
		add_ln232_3 : 1
		add_ln232_4 : 1
		add_ln232_5 : 1
		add_ln232_6 : 1
		add_ln232_7 : 1
		add_ln232_8 : 1
		add_ln232_9 : 1
		store_ln692 : 2
		store_ln692 : 2
		store_ln692 : 2
		store_ln692 : 2
		store_ln692 : 2
		store_ln692 : 2
		store_ln692 : 2
		store_ln692 : 2
	State 5


============================================================
+ Verbose Summary: Datapath Resource usage 
============================================================

* Functional unit list:
|----------|----------------------------------------------------------------------|---------|---------|
| Operation|                            Functional Unit                           |    FF   |   LUT   |
|----------|----------------------------------------------------------------------|---------|---------|
|   call   | grp_SHA512Digest_64u_512u_Pipeline_LOOP_SHA1_UPDATE_80_ROUNDS_fu_163 |   719   |   1624  |
|----------|----------------------------------------------------------------------|---------|---------|
|          |                           add_ln232_fu_312                           |    0    |    71   |
|          |                          add_ln232_3_fu_317                          |    0    |    71   |
|          |                          add_ln232_4_fu_322                          |    0    |    71   |
|    add   |                          add_ln232_5_fu_327                          |    0    |    71   |
|          |                          add_ln232_6_fu_332                          |    0    |    71   |
|          |                          add_ln232_7_fu_337                          |    0    |    71   |
|          |                          add_ln232_8_fu_342                          |    0    |    71   |
|          |                          add_ln232_9_fu_347                          |    0    |    71   |
|----------|----------------------------------------------------------------------|---------|---------|
|          |                            tmp_read_fu_138                           |    0    |    0    |
|   read   |                          tmp_12_read_fu_144                          |    0    |    0    |
|          |                          tmp_13_read_fu_150                          |    0    |    0    |
|----------|----------------------------------------------------------------------|---------|---------|
|   write  |                       write_ln174_write_fu_156                       |    0    |    0    |
|----------|----------------------------------------------------------------------|---------|---------|
|bitconcatenate|                        zext_ln174_cast_fu_257                        |    0    |    0    |
|----------|----------------------------------------------------------------------|---------|---------|
|   zext   |                           zext_ln174_fu_283                          |    0    |    0    |
|----------|----------------------------------------------------------------------|---------|---------|
|   Total  |                                                                      |   719   |   2192  |
|----------|----------------------------------------------------------------------|---------|---------|

Memories:
N/A

* Register list:
+-----------------+--------+
|                 |   FF   |
+-----------------+--------+
|a_V_3_loc_reg_448|   64   |
| a_V_load_reg_499|   64   |
|   a_V_reg_392   |   64   |
|b_V_3_loc_reg_454|   64   |
| b_V_load_reg_505|   64   |
|   b_V_reg_399   |   64   |
|c_V_3_loc_reg_460|   64   |
| c_V_load_reg_511|   64   |
|   c_V_reg_406   |   64   |
|d_V_1_loc_reg_466|   64   |
| d_V_load_reg_517|   64   |
|   d_V_reg_413   |   64   |
|e_V_3_loc_reg_472|   64   |
| e_V_load_reg_523|   64   |
|   e_V_reg_420   |   64   |
|f_V_3_loc_reg_478|   64   |
| f_V_load_reg_529|   64   |
|   f_V_reg_427   |   64   |
|g_V_3_loc_reg_484|   64   |
| g_V_load_reg_535|   64   |
|   g_V_reg_434   |   64   |
|h_V_1_loc_reg_490|   64   |
| h_V_load_reg_541|   64   |
|   h_V_reg_441   |   64   |
+-----------------+--------+
|      Total      |  1536  |
+-----------------+--------+

* Multiplexer (MUX) list: 
|----------------------------------------------------------------------|------|------|------|--------||---------||---------|
|                                 Comp                                 |  Pin | Size |  BW  | S x BW ||  Delay  ||   LUT   |
|----------------------------------------------------------------------|------|------|------|--------||---------||---------|
| grp_SHA512Digest_64u_512u_Pipeline_LOOP_SHA1_UPDATE_80_ROUNDS_fu_163 |  p1  |   2  |  64  |   128  ||    9    |
| grp_SHA512Digest_64u_512u_Pipeline_LOOP_SHA1_UPDATE_80_ROUNDS_fu_163 |  p2  |   2  |  64  |   128  ||    9    |
| grp_SHA512Digest_64u_512u_Pipeline_LOOP_SHA1_UPDATE_80_ROUNDS_fu_163 |  p3  |   2  |  64  |   128  ||    9    |
| grp_SHA512Digest_64u_512u_Pipeline_LOOP_SHA1_UPDATE_80_ROUNDS_fu_163 |  p4  |   2  |  64  |   128  ||    9    |
| grp_SHA512Digest_64u_512u_Pipeline_LOOP_SHA1_UPDATE_80_ROUNDS_fu_163 |  p5  |   2  |  64  |   128  ||    9    |
| grp_SHA512Digest_64u_512u_Pipeline_LOOP_SHA1_UPDATE_80_ROUNDS_fu_163 |  p6  |   2  |  64  |   128  ||    9    |
| grp_SHA512Digest_64u_512u_Pipeline_LOOP_SHA1_UPDATE_80_ROUNDS_fu_163 |  p7  |   2  |  64  |   128  ||    9    |
| grp_SHA512Digest_64u_512u_Pipeline_LOOP_SHA1_UPDATE_80_ROUNDS_fu_163 |  p8  |   2  |  64  |   128  ||    9    |
|----------------------------------------------------------------------|------|------|------|--------||---------||---------|
|                                 Total                                |      |      |      |  1024  ||  3.096  ||    72   |
|----------------------------------------------------------------------|------|------|------|--------||---------||---------|



* Summary:
+-----------+--------+--------+--------+
|           |  Delay |   FF   |   LUT  |
+-----------+--------+--------+--------+
|  Function |    -   |   719  |  2192  |
|   Memory  |    -   |    -   |    -   |
|Multiplexer|    3   |    -   |   72   |
|  Register |    -   |  1536  |    -   |
+-----------+--------+--------+--------+
|   Total   |    3   |  2255  |  2264  |
+-----------+--------+--------+--------+
